{"canonicalPath": "/root/ainetops-demo/.wiggum/features/001-ainetops-sonic-evpn-fabric/runs/20260830-071228-2334841/verification/verification-plan.json", "contentHash": "2dc3dfb091ab087ba0a8060b94955682356ee0e3f086578fd31fbf6e02ec6307", "generated": [{"framework": "canonical", "path": "/root/ainetops-demo/testautomation/001-ainetops-sonic-evpn-fabric/generated/verification.generated.json", "reused": false}], "markdownPath": "/root/ainetops-demo/testautomation/001-ainetops-sonic-evpn-fabric/TEST_PLAN.md", "planId": "verification-85ce0e584936afa1b033"}

  The Autonomous Ralph Wiggum Loop

                       .   ,,,.......
                  .-:;;:-:=====!;;;;~:~~, ..
               ..:!!!==*+!*!=+N!=N;+*;z!==~~~-.
            .,,=+!!*=!z*!z!=zM*=Nz:zM==N*=z!;!;:-.
          .,.~+*=++=+N!!N+;NNN:zN+;NNN:+M*;N+;+!=!~,.
         ,..=N!=Nz;+N!!NM;+NNz*NMz*NNM!*NM*!N+!N**z;-,.
        ,..!M=!NN:+N+;NNN+zNNz++++zNNNNNNNNNNz++zzzz;..,
       ,. =M!;NM=!NN*+NNNNN!*zMMMNz!*NNNNNN**zNMMz*!z-
      ., ~NN:zNz:zNNNNNNNN!+@$#@@@@$**NNNM=z@@@MN$$+!=.
         :z+*NNz*NNNNNNNNN;#@=,z@$@@M=MNNM=z@@$!;$@N==.
       .;*+**zNNNNNNNNNNNN+!M##$@@$M!zNzzzz!+M#$$#N!+;
       ~M*=+NNNNNNNNNNNNNNNz**zzz+**zMz++**!=****+zzz-
       ,!z*zMNNNNNNNNNNNNNNNNNzzzN**z++NMMMN;!MNNNNNz=,
        .-;=*+NNNNNNNNNNNNNNNNNNN+:=*+*:!+*!;+NNNNNNNz*~.
            -*NNNNNNNNNNNNNNNNMz=!zNMz!=!**+zNNNNNNNNNzz-
             ,=zNNNNNNNNNNN:*N+;zMNN*~=!!!+NNMNNMMNNz+!:.
             .~==+NMNNNNNN*!**~+MNNN+*zNz=~=!***!=;~-.
            .;MN+!=!*zNNNNNMMM;+NNNNNMN**+z*~!+*~
            .*MNNNNz*!!!!*+z**~*NNMNNNNNNNzz;!!~,
          .-::;+NNNNNNNzzz+:=z*!!!*zNNNNN!~;!;!*!:,
        .=zNNNz*!*zNNNNNNz;*MNNNNz+!=*NNN=;zz!:=:!*-
        -NNNNNNNN+*!*+zz!;+MNNNNNNNNz!;*+:*z+=:!!;*;,.
        -zNNNNNNNNNNz+;;*NNNNNNNNNNNNN+-:;===+z++*;~;;.

  ME FAIL SPEC?  THAT IS UNPOSSIBLE.


wiggum orchestrator start 2026-08-30T07:12:29+04:00
  workdir  : /root/ainetops-demo
  specs    : /root/ainetops-demo/specs/001-ainetops-sonic-evpn-fabric/tasks.md  (9 phases: 1 2 3 4 5 6 7 8 9)
  feature  : 001-ainetops-sonic-evpn-fabric   (state: .wiggum/features/001-ainetops-sonic-evpn-fabric/)
  proposer : dsh
  critic   : dsh
  max-rej  : 30   max-iter/phase: 30
  timeouts : proposer 3600s  critic 300s   wall: 0min
  git      : auto
  telemetry: loki: export configured (http://127.0.0.1:3110)
  otel     : otel: endpoint reachable (http://127.0.0.1:4318)
  verify   : required  plan: /root/ainetops-demo/testautomation/001-ainetops-sonic-evpn-fabric/TEST_PLAN.md  scaffolds: /root/ainetops-demo/testautomation/001-ainetops-sonic-evpn-fabric/generated
  resume   : phase 8
  run_id   : 20260830-071228-2334841
  stop with: touch /root/ainetops-demo/.wiggum/stop.flag
  note     : root + IS_SANDBOX unset -> auto-set IS_SANDBOX=1


===== PHASE 8 — Security, reproducibility, and release acceptance  (2026-08-30T07:12:30+04:00) =====
----- proposer: phase 8 attempt 1/30 (dsh) -----
----- proposer pass 1/30  2026-08-30T07:12:42+04:00 -----
