PR2362-ALREADY-APPLIED
1
staged_headers=46
/opt/libyang-include/libyang/parser_data.h
/opt/libyang-include/libyang/metadata.h
1
#define LY_VERSION "3.9.1" /**< libyang version string */
/opt/libyang-include/libyang/ly_config.h
patching file query.go
patching file xpath.go
sed -i 's/#patch -d ${DEST_DIR}\/github.com\/golang\/glog/patch -d ${DEST_DIR}\/github.com\/golang\/glog/g' /src/sonic-gnmi/../sonic-mgmt-common/patches/apply.sh
chmod -R u+w vendor
patch -d vendor -p0 < patches/gnmi_path.patch
(Stripping trailing CRs from patch; use --binary to disable.)
patching file ./github.com/google/gnxi/utils/xpath/path.go
patch -d vendor -p0 < patches/gnmi_xpath.patch
patching file ./github.com/google/gnxi/utils/xpath/xpath.go
touch vendor/.done
Checking Go file formatting...
./show_client/clock_cli.go ./show_client/show_common.go ./show_client/show_paths.go ./show_client/chassis_module_cli.go ./show_client/show_opts.go ./show_client/reboot_cause_cli.go ./show_client/interface_cli.go ./show_client/interface_transceiver_cli.go ./show_client/system_health_cli.go ./show_client/watermark_telemetry_interval.go ./show_client/ipv6_cli.go ./transl_utils/transl_utils.go ./transl_utils/ygot_diff.go ./transl_utils/ygot_diff_test.go ./transl_utils/ygot_diff_bench_test.go ./transl_utils/transl_utils_test.go ./sonic_db_config/db_config.go ./sonic_db_config/db_config_test.go ./testdata/tls/tls_test.go ./testdata/tls/tls.go ./sonic_data_client/virtual_db.go ./sonic_data_client/transl_subscriber_test.go ./sonic_data_client/dummy_client_test.go ./sonic_data_client/client_test.go ./sonic_data_client/events_client.go ./sonic_data_client/mixed_db_client.go ./sonic_data_client/json_client.go ./sonic_data_client/non_db_client.go ./sonic_data_client/transl_data_client.go ./sonic_data_client/transl_data_client_test.go ./sonic_data_client/show_client.go ./sonic_data_client/transl_subscriber.go ./sonic_data_client/trie.go ./sonic_data_client/show_client_helpers.go ./sonic_data_client/db_client.go ./sonic_data_client/super_subscription.go ./sonic_data_client/virtual_db_test.go ./sonic_data_client/show_client_types.go ./sonic_data_client/super_subscription_test.go ./common_utils/shareMem.go ./common_utils/notification_producer_test.go ./common_utils/notification_producer.go ./common_utils/context.go ./common_utils/constants.go ./gnmi_server/connection_manager.go ./gnmi_server/gnoi_containerz_test.go ./gnmi_server/interface_transceiver_cli_test.go ./gnmi_server/cli_helpers_test.go ./gnmi_server/virtual_db_test.go ./gnmi_server/gnsi_credentialz.go ./gnmi_server/gnoi.go ./gnmi_server/clock_cli_test.go ./gnmi_server/transl_sub_test.go ./gnmi_server/ipv6_cli_test.go ./gnmi_server/db_journal_test.go ./gnmi_server/gnsi_authz.go ./gnmi_server/gnoi_reset_test.go ./gnmi_server/constants_native_write.go ./gnmi_server/multi_request_tcp_conn_test.go ./gnmi_server/client_subscribe.go ./gnmi_server/interface_errors_cli_test.go ./gnmi_server/watermark_telemetry_interval_cli_test.go ./gnmi_server/gnsi_pathz.go ./gnmi_server/interface_fec_status_cli_test.go ./gnmi_server/interface_cli_test.go ./gnmi_server/gnoi_healthz.go ./gnmi_server/gnsi_certz.go ./gnmi_server/clear_neighbor_dummy_test.go ./gnmi_server/constants_translib.go ./gnmi_server/system_health_cli_test.go ./gnmi_server/poll_mode_test.go ./gnmi_server/db_journal.go ./gnmi_server/pamAuth.go ./gnmi_server/gnoi_os.go ./gnmi_server/constants_translib_write.go ./gnmi_server/jwtAuth.go ./gnmi_server/basicAuth.go ./gnmi_server/debug.go ./gnmi_server/gnsi_pathz_test.go ./gnmi_server/gnoi_file_test.go ./gnmi_server/server_test.go ./gnmi_server/reboot_cause_cli_test.go ./gnmi_server/swss_util.go ./gnmi_server/gnoi_os_test.go ./gnmi_server/clientCertAuth.go ./gnmi_server/cli_options_test.go ./gnmi_server/server.go ./gnmi_server/gnsi_certz_test.go ./gnmi_server/gnoi_healthz_test.go ./gnmi_server/mocks/mock_system_setpackage_server.go ./gnmi_server/mocks/mock_system_server.go ./gnmi_server/gnsi_util_test.go ./gnmi_server/chassis_module_test.go ./gnmi_server/gnoi_system.go ./gnmi_server/crl_test.go ./gnmi_server/gnsi_util.go ./gnmi_server/constants_native.go ./gnmi_server/gnoi_debug.go ./gnmi_server/gnoi_file.go ./gnmi_server/chassis_state_db_test.go ./gnmi_server/gnoi_reset.go ./gnmi_server/gnoi_containerz.go ./gnmi_server/jwtAuth_test.go ./gnmi_server/gnsi_authz_test.go ./gnmi_server/gnsi_credentialz_test.go ./gnmi_server/gnoi_system_test.go ./internal/diskspace/diskspace.go ./internal/diskspace/diskspace_test.go ./internal/hash/hash_test.go ./internal/hash/hash.go ./internal/download/download.go ./internal/download/download_test.go ./internal/firmware/firmware_test.go ./internal/firmware/firmware.go ./internal/exec/command_test.go ./internal/exec/command.go ./sonic_service_client/dbus_client.go ./sonic_service_client/dbus_client_test.go ./sonic_service_client/dbus_fake_client.go ./sonic_service_client/dbus_fake_client_test.go ./test_utils/memcheck_disable.go ./test_utils/memcheck_enable.go ./test_utils/test_utils.go ./gnmi_dump/gnmi_dump.go ./pathz_authorizer/pathz_authorizer.go ./pathz_authorizer/pathz_authorizer_test.go ./gnoi_client/healthz/healthz.go ./gnoi_client/factory_reset/factory_reset.go ./gnoi_client/sonic/jwt.go ./gnoi_client/sonic/sonic.go ./gnoi_client/gnoi_client.go ./gnoi_client/system/time.go ./gnoi_client/system/kill_process.go ./gnoi_client/system/system_mock_test.go ./gnoi_client/system/system_test.go ./gnoi_client/system/reboot.go ./gnoi_client/system/set_package.go ./gnoi_client/os/os.go ./gnoi_client/config/flag.go ./gnoi_client/utils/utils_log.go ./gnoi_client/utils/creds.go ./gnoi_client/containerz/deploy.go ./gnoi_client/file/file.go ./pkg/server/operational-handler/disk_space_test.go ./pkg/server/operational-handler/operational_handler.go ./pkg/server/operational-handler/doc.go ./pkg/server/operational-handler/firmware_handler.go ./pkg/server/operational-handler/operational_handler_test.go ./pkg/server/operational-handler/disk_space.go ./pkg/server/operational-handler/firmware_handler_test.go ./pkg/gnoi/file/file.go ./pkg/gnoi/file/dpu_monkey_test.go ./pkg/gnoi/file/remove_test.go ./pkg/gnoi/file/coverage_boost_test.go ./pkg/gnoi/file/file_test.go ./pkg/gnoi/os/os.go ./pkg/gnoi/os/os_monkey_test.go ./pkg/gnoi/os/os_test.go ./pkg/gnoi/debug/debug_test.go ./pkg/gnoi/debug/validate.go ./pkg/gnoi/debug/debug.go ./pkg/gnoi/debug/whitelist_test.go ./pkg/gnoi/debug/whitelist.go ./pkg/gnoi/debug/validate_test.go ./pkg/gnoi/system/system_monkey_test.go ./pkg/gnoi/system/system_test.go ./pkg/gnoi/system/system.go ./pkg/bypass/bypass.go ./pkg/bypass/bypass_test.go ./pkg/interceptors/dpuproxy/proxy.go ./pkg/interceptors/dpuproxy/resolver.go ./pkg/interceptors/dpuproxy/singleton_test.go ./pkg/interceptors/dpuproxy/resolver_integration_test.go ./pkg/interceptors/dpuproxy/metadata.go ./pkg/interceptors/dpuproxy/resolver_test.go ./pkg/interceptors/dpuproxy/proxy_monkey_test.go ./pkg/interceptors/dpuproxy/proxy_test.go ./pkg/interceptors/dpuproxy/redis.go ./pkg/interceptors/setup_test.go ./pkg/interceptors/interceptor.go ./pkg/interceptors/setup.go ./pkg/interceptors/interceptor_test.go ./pkg/exec/example_test.go ./pkg/exec/doc.go ./pkg/exec/command.go ./pkg/exec/command_test.go ./dialout/dialout_server_cli/dialout_server_cli.go ./dialout/dialout_client_cli/dialout_client_cli.go ./dialout/dialout_client/dialout_client_test.go ./dialout/dialout_client/dialout_client.go ./dialout/dialout_server/dialout_server.go ./telemetry/telemetry_test.go ./telemetry/telemetry.go
mkdir -p build/bin
All files are properly formatted.
touch build/bin/.formatcheck
patch -d vendor -p0 < patches/0002-Fix-advance-tls-build-with-go-119.patch
patching file ./google.golang.org/grpc/security/advancedtls/advancedtls.go
patching file ./google.golang.org/grpc/security/advancedtls/crl.go
patch -d vendor -p0 < patches/0004-CloseWrite-event-support.patch
patching file ./github.com/fsnotify/fsnotify/fsnotify.go
patching file ./github.com/fsnotify/fsnotify/inotify.go
/usr/local/go/bin/go install -mod=vendor  github.com/sonic-net/sonic-gnmi/telemetry
# github.com/sonic-net/sonic-gnmi/sonic_data_client
cgo-gcc-prolog: In function '_cgo_9e9e97ff3590_Cfunc_Py_Finalize':
cgo-gcc-prolog:68:49: warning: unused variable '_cgo_a' [-Wunused-variable]
cgo-gcc-prolog: In function '_cgo_9e9e97ff3590_Cfunc_Py_Initialize':
cgo-gcc-prolog:80:49: warning: unused variable '_cgo_a' [-Wunused-variable]
# github.com/sonic-net/sonic-gnmi/telemetry
/usr/local/go/pkg/tool/linux_amd64/link: running g++ failed: exit status 1
/usr/bin/g++ -m64 -Wl,--build-id=0x3d7312c9c9bc71854fd94728ad9362bf8f65c4a6 -o $WORK/b001/exe/a.out -Wl,--export-dynamic-symbol=Swig_DirectorCounter_callback_getKey_swsscommon_1e44c146b46517e5 -Wl,--export-dynamic-symbol=Swig_DirectorCounter_callback_getLuaArgv_swsscommon_1e44c146b46517e5 -Wl,--export-dynamic-symbol=Swig_DirectorCounter_callback_getLuaKeys_swsscommon_1e44c146b46517e5 -Wl,--export-dynamic-symbol=Swig_DirectorCounter_callback_getLuaScript_swsscommon_1e44c146b46517e5 -Wl,--export-dynamic-symbol=Swig_DirectorCounter_callback_usingLuaTable_swsscommon_1e44c146b46517e5 -Wl,--export-dynamic-symbol=Swig_DirectorProducerStateTable_callback_delete__SWIG_0_swsscommon_1e44c146b46517e5 -Wl,--export-dynamic-symbol=Swig_DirectorProducerStateTable_callback_delete__SWIG_1_swsscommon_1e44c146b46517e5 -Wl,--export-dynamic-symbol=Swig_DirectorProducerStateTable_callback_delete__SWIG_2_swsscommon_1e44c146b46517e5 -Wl,--export-dynamic-symbol=Swig_DirectorProducerStateTable_callback_delete__SWIG_3_swsscommon_1e44c146b46517e5 -Wl,--export-dynamic-symbol=Swig_DirectorProducerStateTable_callback_set__SWIG_0_swsscommon_1e44c146b46517e5 -Wl,--export-dynamic-symbol=Swig_DirectorProducerStateTable_callback_set__SWIG_1_swsscommon_1e44c146b46517e5 -Wl,--export-dynamic-symbol=Swig_DirectorProducerStateTable_callback_set__SWIG_2_swsscommon_1e44c146b46517e5 -Wl,--export-dynamic-symbol=Swig_DirectorProducerStateTable_callback_set__SWIG_3_swsscommon_1e44c146b46517e5 -Wl,--export-dynamic-symbol=Swig_DirectorZmqProducerStateTable_callback_delete__SWIG_0_swsscommon_1e44c146b46517e5 -Wl,--export-dynamic-symbol=Swig_DirectorZmqProducerStateTable_callback_delete__SWIG_1_swsscommon_1e44c146b46517e5 -Wl,--export-dynamic-symbol=Swig_DirectorZmqProducerStateTable_callback_delete__SWIG_2_swsscommon_1e44c146b46517e5 -Wl,--export-dynamic-symbol=Swig_DirectorZmqProducerStateTable_callback_delete__SWIG_3_swsscommon_1e44c146b46517e5 -Wl,--export-dynamic-symbol=Swig_DirectorZmqProducerStateTable_callback_send_swsscommon_1e44c146b46517e5 -Wl,--export-dynamic-symbol=Swig_DirectorZmqProducerStateTable_callback_set__SWIG_0_swsscommon_1e44c146b46517e5 -Wl,--export-dynamic-symbol=Swig_DirectorZmqProducerStateTable_callback_set__SWIG_1_swsscommon_1e44c146b46517e5 -Wl,--export-dynamic-symbol=Swig_DirectorZmqProducerStateTable_callback_set__SWIG_2_swsscommon_1e44c146b46517e5 -Wl,--export-dynamic-symbol=Swig_DirectorZmqProducerStateTable_callback_set__SWIG_3_swsscommon_1e44c146b46517e5 -Wl,--export-dynamic-symbol=Swiggo_DeleteDirector_Counter_swsscommon_1e44c146b46517e5 -Wl,--export-dynamic-symbol=Swiggo_DeleteDirector_ProducerStateTable_swsscommon_1e44c146b46517e5 -Wl,--export-dynamic-symbol=Swiggo_DeleteDirector_ZmqProducerStateTable_swsscommon_1e44c146b46517e5 -Wl,--export-dynamic-symbol=_cgo_panic -Wl,--export-dynamic-symbol=_cgo_topofstack -Wl,--export-dynamic-symbol=cbPAMConv -Wl,--export-dynamic-symbol=cgo_panic__swsscommon_1e44c146b46517e5 -Wl,--export-dynamic-symbol=crosscall2 -Wl,--export-dynamic-symbol=customLogCallback -Wl,--compress-debug-sections=zlib /tmp/go-link-1165325915/go.o /tmp/go-link-1165325915/000000.o /tmp/go-link-1165325915/000001.o /tmp/go-link-1165325915/000002.o /tmp/go-link-1165325915/000003.o /tmp/go-link-1165325915/000004.o /tmp/go-link-1165325915/000005.o /tmp/go-link-1165325915/000006.o /tmp/go-link-1165325915/000007.o /tmp/go-link-1165325915/000008.o /tmp/go-link-1165325915/000009.o /tmp/go-link-1165325915/000010.o /tmp/go-link-1165325915/000011.o /tmp/go-link-1165325915/000012.o /tmp/go-link-1165325915/000013.o /tmp/go-link-1165325915/000014.o /tmp/go-link-1165325915/000015.o /tmp/go-link-1165325915/000016.o /tmp/go-link-1165325915/000017.o /tmp/go-link-1165325915/000018.o /tmp/go-link-1165325915/000019.o /tmp/go-link-1165325915/000020.o /tmp/go-link-1165325915/000021.o /tmp/go-link-1165325915/000022.o /tmp/go-link-1165325915/000023.o /tmp/go-link-1165325915/000024.o /tmp/go-link-1165325915/000025.o /tmp/go-link-1165325915/000026.o /tmp/go-link-1165325915/000027.o /tmp/go-link-1165325915/000028.o /tmp/go-link-1165325915/000029.o /tmp/go-link-1165325915/000030.o /tmp/go-link-1165325915/000031.o /tmp/go-link-1165325915/000032.o /tmp/go-link-1165325915/000033.o /tmp/go-link-1165325915/000034.o /tmp/go-link-1165325915/000035.o /tmp/go-link-1165325915/000036.o -L/libs -lswsscommon -lhiredis -lzmq -Wl,-rpath,/lib/x86_64-linux-gnu -L/libs -lswsscommon -lhiredis -lzmq -Wl,-rpath,/lib/x86_64-linux-gnu -lresolv -L/libs -lswsscommon -lhiredis -lzmq -Wl,-rpath,/lib/x86_64-linux-gnu -L/usr/lib -lpthread -lboost_thread -lboost_system -lzmq -lboost_serialization -luuid -lswsscommon -L/libs -l:libpython3.11.so.1.0 -L/libs -lswsscommon -lhiredis -lzmq -Wl,-rpath,/lib/x86_64-linux-gnu -L/libs -lswsscommon -lhiredis -lzmq -Wl,-rpath,/lib/x86_64-linux-gnu -lpam -L/libs -lswsscommon -lhiredis -lzmq -Wl,-rpath,/lib/x86_64-linux-gnu -lpthread -L/libs -lswsscommon -lhiredis -lzmq -Wl,-rpath,/lib/x86_64-linux-gnu -lyang -lyang -L/libs -lswsscommon -lhiredis -lzmq -Wl,-rpath,/lib/x86_64-linux-gnu -lyang -no-pie
/usr/bin/ld: warning: libboost_serialization.so.1.83.0, needed by /libs/libswsscommon.so, not found (try using -rpath or -rpath-link)
/usr/bin/ld: /libs/libswsscommon.so: undefined reference to `nl_msg_parse@libnl_3'
/usr/bin/ld: /libs/libswsscommon.so: undefined reference to `nl_socket_disable_seq_check@libnl_3'
/usr/bin/ld: /libs/libswsscommon.so: undefined reference to `nl_geterror@libnl_3'
/usr/bin/ld: /libs/libswsscommon.so: undefined reference to `nl_recvmsgs_default@libnl_3'
/usr/bin/ld: /libs/libswsscommon.so: undefined reference to `nl_socket_set_nonblocking@libnl_3'
/usr/bin/ld: /libs/libswsscommon.so: undefined reference to `nl_close@libnl_3'
/usr/bin/ld: /libs/libswsscommon.so: undefined reference to `nl_socket_alloc@libnl_3'
/usr/bin/ld: /libs/libswsscommon.so: undefined reference to `nl_socket_disable_auto_ack@libnl_3'
/usr/bin/ld: /libs/libswsscommon.so: undefined reference to `nl_connect@libnl_3'
/usr/bin/ld: /libs/libswsscommon.so: undefined reference to `nfnl_ct_dump_request@libnl_3'
/usr/bin/ld: /libs/libswsscommon.so: undefined reference to `nl_socket_add_membership@libnl_3'
/usr/bin/ld: /libs/libswsscommon.so: undefined reference to `rtnl_link_i2name@libnl_3'
/usr/bin/ld: /libs/libswsscommon.so: undefined reference to `rtnl_link_alloc_cache@libnl_3'
/usr/bin/ld: /libs/libswsscommon.so: undefined reference to `nl_socket_modify_cb@libnl_3'
/usr/bin/ld: /libs/libswsscommon.so: undefined reference to `nfnl_connect@libnl_3'
/usr/bin/ld: /libs/libswsscommon.so: undefined reference to `nl_cache_free@libnl_3'
/usr/bin/ld: /libs/libswsscommon.so: undefined reference to `nl_socket_get_fd@libnl_3'
/usr/bin/ld: /libs/libswsscommon.so: undefined reference to `nl_socket_free@libnl_3'
/usr/bin/ld: /libs/libswsscommon.so: undefined reference to `nl_object_get_msgtype@libnl_3'
/usr/bin/ld: /libs/libswsscommon.so: undefined reference to `nfnl_ct_del@libnl_3'
/usr/bin/ld: /libs/libswsscommon.so: undefined reference to `nl_rtgen_request@libnl_3'
/usr/bin/ld: /libs/libswsscommon.so: undefined reference to `nfnl_ct_add@libnl_3'
/usr/bin/ld: /libs/libswsscommon.so: undefined reference to `rtnl_link_get_by_name@libnl_3'
/usr/bin/ld: /libs/libswsscommon.so: undefined reference to `nlmsg_hdr@libnl_3'
/usr/bin/ld: /libs/libswsscommon.so: undefined reference to `nl_socket_set_buffer_size@libnl_3'
/usr/bin/ld: /libs/libswsscommon.so: undefined reference to `nl_cache_refill@libnl_3'
collect2: error: ld returned 1 exit status

make: *** [Makefile:102: sonic-gnmi] Error 1
[build5] 2026-08-31T10:39:48Z FAILED: make (see /tmp/make5.log)
