[build] extracting runtime libs from pinned image
[build] creating build container (debian:bookworm)
[build] installing build tools
debconf: delaying package configuration, since apt-utils is not installed
TOOLS_OK
gcc (Debian 12.2.0-14+deb12u1) 12.2.0
SWIG Version 4.1.0
[build] installing Go 1.25.9
go version go1.25.9 linux/amd64
[build] installing pyang
WARNING: Running pip as the 'root' user can result in broken permissions and conflicting behaviour with the system package manager. It is recommended to use a virtual environment instead: https://pip.pypa.io/warnings/venv
pyang 2.7.1
[build] staging swss-common headers + swig interface (pinned 240a31a)
141
[build] building sonic-mgmt-common yang tree + CVL schema
SONICYANG_IMPORT_DIR = 
mkdir -p ../../build/yang/.
rsync -oavh --include='*/' --include='*.yang' --exclude='*' *.yang common  ../../build/yang
/bin/sh: 1: rsync: not found
make: *** [Makefile:166: ../../build/yang/.sync_std_yangs] Error 127
make: Leaving directory '/src/sonic-mgmt-common/models/yang'
YANG_TREE:
SONIC_COUNT: 0
make: Entering directory '/src/sonic-mgmt-common/cvl'
find: '../build/yang/sonic': No such file or directory
mkdir -p ../build/cvl/schema/.
tools/generate_yin.py \
	--path=../build/yang/sonic \
	--path=../models/yang/common \
	--out-dir=../build/cvl/schema
touch ../build/cvl/schema/.done
make: Leaving directory '/src/sonic-mgmt-common/cvl'
SCHEMA_COUNT: 0
[build] building sonic-gnmi telemetry binary (go mod vendor + swig + cgo)
