{"canonicalPath": "/root/ainetops-demo/.wiggum/features/001-ainetops-sonic-evpn-fabric/runs/20260829-000206-1235336/verification/verification-plan.json", "contentHash": "f56470327f776adaedafe077f64fcb522f8f3ab60d728791d0afaaaec1c934a7", "generated": [{"framework": "canonical", "path": "/root/ainetops-demo/testautomation/001-ainetops-sonic-evpn-fabric/generated/verification.generated.json", "reused": false}], "markdownPath": "/root/ainetops-demo/testautomation/001-ainetops-sonic-evpn-fabric/TEST_PLAN.md", "planId": "verification-ef0ad7e7eb82ac2dcf7b"}

  The Autonomous Ralph Wiggum Loop

                       .   ,,,.......
                  .-:;;:-:=====!;;;;~:~~, ..
               ..:!!!==*+!*!=+N!=N;+*;z!==~~~-.
            .,,=+!!*=!z*!z!=zM*=Nz:zM==N*=z!;!;:-.
          .,.~+*=++=+N!!N+;NNN:zN+;NNN:+M*;N+;+!=!~,.
         ,..=N!=Nz;+N!!NM;+NNz*NMz*NNM!*NM*!N+!N**z;-,.
        ,..!M=!NN:+N+;NNN+zNNz++++zNNNNNNNNNNz++zzzz;..,
       ,. =M!;NM=!NN*+NNNNN!*zMMMNz!*NNNNNN**zNMMz*!z-
      ., ~NN:zNz:zNNNNNNNN!+@$#@@@@$**NNNM=z@@@MN$$+!=.
         :z+*NNz*NNNNNNNNN;#@=,z@$@@M=MNNM=z@@$!;$@N==.
       .;*+**zNNNNNNNNNNNN+!M##$@@$M!zNzzzz!+M#$$#N!+;
       ~M*=+NNNNNNNNNNNNNNNz**zzz+**zMz++**!=****+zzz-
       ,!z*zMNNNNNNNNNNNNNNNNNzzzN**z++NMMMN;!MNNNNNz=,
        .-;=*+NNNNNNNNNNNNNNNNNNN+:=*+*:!+*!;+NNNNNNNz*~.
            -*NNNNNNNNNNNNNNNNMz=!zNMz!=!**+zNNNNNNNNNzz-
             ,=zNNNNNNNNNNN:*N+;zMNN*~=!!!+NNMNNMMNNz+!:.
             .~==+NMNNNNNN*!**~+MNNN+*zNz=~=!***!=;~-.
            .;MN+!=!*zNNNNNMMM;+NNNNNMN**+z*~!+*~
            .*MNNNNz*!!!!*+z**~*NNMNNNNNNNzz;!!~,
          .-::;+NNNNNNNzzz+:=z*!!!*zNNNNN!~;!;!*!:,
        .=zNNNz*!*zNNNNNNz;*MNNNNz+!=*NNN=;zz!:=:!*-
        -NNNNNNNN+*!*+zz!;+MNNNNNNNNz!;*+:*z+=:!!;*;,.
        -zNNNNNNNNNNz+;;*NNNNNNNNNNNNN+-:;===+z++*;~;;.

  ME FAIL SPEC?  THAT IS UNPOSSIBLE.


wiggum orchestrator start 2026-08-29T00:02:07+04:00
  workdir  : /root/ainetops-demo
  specs    : /root/ainetops-demo/specs/001-ainetops-sonic-evpn-fabric/tasks.md  (9 phases: 1 2 3 4 5 6 7 8 9)
  feature  : 001-ainetops-sonic-evpn-fabric   (state: .wiggum/features/001-ainetops-sonic-evpn-fabric/)
  proposer : dsh
  critic   : dsh
  max-rej  : 30   max-iter/phase: 30
  timeouts : proposer 3600s  critic 300s   wall: 0min
  git      : auto
  telemetry: loki: endpoint reachable (http://127.0.0.1:3100)
  otel     : otel: endpoint reachable (http://127.0.0.1:4318)
  verify   : required  plan: /root/ainetops-demo/testautomation/001-ainetops-sonic-evpn-fabric/TEST_PLAN.md  scaffolds: /root/ainetops-demo/testautomation/001-ainetops-sonic-evpn-fabric/generated
  resume   : phase 1
  run_id   : 20260829-000206-1235336
  stop with: touch /root/ainetops-demo/.wiggum/stop.flag
  note     : root + IS_SANDBOX unset -> auto-set IS_SANDBOX=1


===== PHASE 1 — Compatibility and repository foundation  (2026-08-29T00:02:07+04:00) =====
----- proposer: phase 1 attempt 1/30 (dsh) -----
proposer.sh: evidence already exists (/root/ainetops-demo/.wiggum/features/001-ainetops-sonic-evpn-fabric/gates/GATE1-EVIDENCE.md); nothing to do.
----- verification: phase 1 attempt 1 (fixed argv) -----
Verification gate GATE-phase-1 passed 1 command(s)
----- critic: phase 1 attempt 1 (dsh) -----
