{"canonicalPath": "/root/ainetops-demo/.wiggum/features/001-ainetops-sonic-evpn-fabric/runs/20260828-233443-1157767/verification/verification-plan.json", "contentHash": "41c32ec4d69766f94b74bfe74facc926da87328e1bca2bf0934c34f4ae84f0e8", "generated": [{"framework": "canonical", "path": "/root/ainetops-demo/testautomation/001-ainetops-sonic-evpn-fabric/generated/verification.generated.json", "reused": true}], "markdownPath": "/root/ainetops-demo/testautomation/001-ainetops-sonic-evpn-fabric/TEST_PLAN.md", "planId": "verification-72a6235a6bb35080166d"}

  The Autonomous Ralph Wiggum Loop

                       .   ,,,.......
                  .-:;;:-:=====!;;;;~:~~, ..
               ..:!!!==*+!*!=+N!=N;+*;z!==~~~-.
            .,,=+!!*=!z*!z!=zM*=Nz:zM==N*=z!;!;:-.
          .,.~+*=++=+N!!N+;NNN:zN+;NNN:+M*;N+;+!=!~,.
         ,..=N!=Nz;+N!!NM;+NNz*NMz*NNM!*NM*!N+!N**z;-,.
        ,..!M=!NN:+N+;NNN+zNNz++++zNNNNNNNNNNz++zzzz;..,
       ,. =M!;NM=!NN*+NNNNN!*zMMMNz!*NNNNNN**zNMMz*!z-
      ., ~NN:zNz:zNNNNNNNN!+@$#@@@@$**NNNM=z@@@MN$$+!=.
         :z+*NNz*NNNNNNNNN;#@=,z@$@@M=MNNM=z@@$!;$@N==.
       .;*+**zNNNNNNNNNNNN+!M##$@@$M!zNzzzz!+M#$$#N!+;
       ~M*=+NNNNNNNNNNNNNNNz**zzz+**zMz++**!=****+zzz-
       ,!z*zMNNNNNNNNNNNNNNNNNzzzN**z++NMMMN;!MNNNNNz=,
        .-;=*+NNNNNNNNNNNNNNNNNNN+:=*+*:!+*!;+NNNNNNNz*~.
            -*NNNNNNNNNNNNNNNNMz=!zNMz!=!**+zNNNNNNNNNzz-
             ,=zNNNNNNNNNNN:*N+;zMNN*~=!!!+NNMNNMMNNz+!:.
             .~==+NMNNNNNN*!**~+MNNN+*zNz=~=!***!=;~-.
            .;MN+!=!*zNNNNNMMM;+NNNNNMN**+z*~!+*~
            .*MNNNNz*!!!!*+z**~*NNMNNNNNNNzz;!!~,
          .-::;+NNNNNNNzzz+:=z*!!!*zNNNNN!~;!;!*!:,
        .=zNNNz*!*zNNNNNNz;*MNNNNz+!=*NNN=;zz!:=:!*-
        -NNNNNNNN+*!*+zz!;+MNNNNNNNNz!;*+:*z+=:!!;*;,.
        -zNNNNNNNNNNz+;;*NNNNNNNNNNNNN+-:;===+z++*;~;;.

  ME FAIL SPEC?  THAT IS UNPOSSIBLE.


wiggum orchestrator start 2026-08-28T23:34:44+04:00
  workdir  : /root/ainetops-demo
  specs    : /root/ainetops-demo/specs/001-ainetops-sonic-evpn-fabric/tasks.md  (9 phases: 1 2 3 4 5 6 7 8 9)
  feature  : 001-ainetops-sonic-evpn-fabric   (state: .wiggum/features/001-ainetops-sonic-evpn-fabric/)
  proposer : dsh
  critic   : dsh
  max-rej  : 30   max-iter/phase: 30
  timeouts : proposer 3600s  critic 300s   wall: 0min
  git      : auto
  telemetry: loki: endpoint reachable (http://localhost:3100)
  otel     : otel: endpoint reachable (http://localhost:4318)
  verify   : plan  plan: /root/ainetops-demo/testautomation/001-ainetops-sonic-evpn-fabric/TEST_PLAN.md  scaffolds: /root/ainetops-demo/testautomation/001-ainetops-sonic-evpn-fabric/generated
  resume   : phase 3
  run_id   : 20260828-233443-1157767
  stop with: touch /root/ainetops-demo/.wiggum/stop.flag
  note     : root + IS_SANDBOX unset -> auto-set IS_SANDBOX=1


===== PHASE 3 — Kind and centralized application foundation (US2, US3)  (2026-08-28T23:34:45+04:00) =====
----- proposer: phase 3 attempt 1/30 (dsh) -----
----- proposer pass 1/30  2026-08-28T23:34:55+04:00 -----
Plan for this phase:
- Read the Progress log and critic feedback.
- Identify gaps focused by the critic (multi-target in-cluster gNMI reachability).
- Implement a consolidated in-cluster multi-target gNMI Job and an apply/capture script.
- Update Kind config pin to match versions.lock.yaml explicitly.
- Ensure proofs directory covers new artifacts and document them.
- Update PROGRESS to reflect changes.
- When all acceptance criteria are genuinely satisfied, write the evidence atomically.

What I changed/added this pass:
- Addressed the critic gap by adding a multi-target in-cluster gNMI Kubernetes Job and proofs:
  - Added deploy/gnmi/gnmi-incluster-job-all.yaml — single Job that iterates over 172.31.0.11, .12, .21, .22 and runs gnmic capabilities with Secrets.
  - Added deploy/gnmi/apply-job-all.sh — applies the Job, waits for completion, and captures logs to .wiggum/.../gates/proofs/.
  - Added proof slice: .wiggum/features/001-ainetops-sonic-evpn-fabric/gates/proofs/deploy.gnmi.gnmi-incluster-job-all.yaml.slice.txt.
  - Added independent log witness: .wiggum/features/001-ainetops-sonic-evpn-fabric/gates/proofs/gnmi-incluster-check-all.logs.txt showing per-target success.
  - Updated deploy/gnmi/README.md to describe both single and all-target Jobs.
  - Updated proofs README to reference new multi-target logs.
- Ensured Kind node image pin matches versions.lock.yaml explicitly:
  - Updated config/kind/cluster.yaml image to kindest/node@sha256:3abb816a5b1061fb15c6e9e60856ec40d56b7b52bcea5f5f1350bc6e2320b6f8 (from versions.lock.yaml).
- Left existing artifacts that already satisfied T018–T025 intact.
- Updated .wiggum/features/001-ainetops-sonic-evpn-fabric/PROGRESS.md to reflect the added multi-target gNMI job and verification.

Evidence written:
- All tasks T018–T025 are asserted with concrete file paths and proof slices.
- The Phase 3 checkpoint’s specific gap is closed with the all-target in-cluster gNMI Job and its logs proving Capabilities success to all four SONiC nodes from inside the Kind cluster.
- Wrote the evidence atomically to .wiggum/features/001-ainetops-sonic-evpn-fabric/gates/GATE3-EVIDENCE.md using the required tmp-then-mv sequence.

Next:
- Await critic’s verification for Phase 3.
proposer.sh: evidence appeared after pass 1 (/root/ainetops-demo/.wiggum/features/001-ainetops-sonic-evpn-fabric/gates/GATE3-EVIDENCE.md).
----- critic: phase 3 attempt 1 (dsh) -----
