{"canonicalPath": "/root/ainetops-demo/.wiggum/features/001-ainetops-sonic-evpn-fabric/runs/20260829-214324-367095/verification/verification-plan.json", "contentHash": "7945037a1699da067636b84b6d773a3afa1801994b89672f8b4be583e04e6531", "generated": [{"framework": "canonical", "path": "/root/ainetops-demo/testautomation/001-ainetops-sonic-evpn-fabric/generated/verification.generated.json", "reused": true}], "markdownPath": "/root/ainetops-demo/testautomation/001-ainetops-sonic-evpn-fabric/TEST_PLAN.md", "planId": "verification-414756f43ac96fab9bbe"}

  The Autonomous Ralph Wiggum Loop

                       .   ,,,.......
                  .-:;;:-:=====!;;;;~:~~, ..
               ..:!!!==*+!*!=+N!=N;+*;z!==~~~-.
            .,,=+!!*=!z*!z!=zM*=Nz:zM==N*=z!;!;:-.
          .,.~+*=++=+N!!N+;NNN:zN+;NNN:+M*;N+;+!=!~,.
         ,..=N!=Nz;+N!!NM;+NNz*NMz*NNM!*NM*!N+!N**z;-,.
        ,..!M=!NN:+N+;NNN+zNNz++++zNNNNNNNNNNz++zzzz;..,
       ,. =M!;NM=!NN*+NNNNN!*zMMMNz!*NNNNNN**zNMMz*!z-
      ., ~NN:zNz:zNNNNNNNN!+@$#@@@@$**NNNM=z@@@MN$$+!=.
         :z+*NNz*NNNNNNNNN;#@=,z@$@@M=MNNM=z@@$!;$@N==.
       .;*+**zNNNNNNNNNNNN+!M##$@@$M!zNzzzz!+M#$$#N!+;
       ~M*=+NNNNNNNNNNNNNNNz**zzz+**zMz++**!=****+zzz-
       ,!z*zMNNNNNNNNNNNNNNNNNzzzN**z++NMMMN;!MNNNNNz=,
        .-;=*+NNNNNNNNNNNNNNNNNNN+:=*+*:!+*!;+NNNNNNNz*~.
            -*NNNNNNNNNNNNNNNNMz=!zNMz!=!**+zNNNNNNNNNzz-
             ,=zNNNNNNNNNNN:*N+;zMNN*~=!!!+NNMNNMMNNz+!:.
             .~==+NMNNNNNN*!**~+MNNN+*zNz=~=!***!=;~-.
            .;MN+!=!*zNNNNNMMM;+NNNNNMN**+z*~!+*~
            .*MNNNNz*!!!!*+z**~*NNMNNNNNNNzz;!!~,
          .-::;+NNNNNNNzzz+:=z*!!!*zNNNNN!~;!;!*!:,
        .=zNNNz*!*zNNNNNNz;*MNNNNz+!=*NNN=;zz!:=:!*-
        -NNNNNNNN+*!*+zz!;+MNNNNNNNNz!;*+:*z+=:!!;*;,.
        -zNNNNNNNNNNz+;;*NNNNNNNNNNNNN+-:;===+z++*;~;;.

  ME FAIL SPEC?  THAT IS UNPOSSIBLE.


wiggum orchestrator start 2026-08-29T21:43:25+04:00
  workdir  : /root/ainetops-demo
  specs    : /root/ainetops-demo/specs/001-ainetops-sonic-evpn-fabric/tasks.md  (9 phases: 1 2 3 4 5 6 7 8 9)
  feature  : 001-ainetops-sonic-evpn-fabric   (state: .wiggum/features/001-ainetops-sonic-evpn-fabric/)
  proposer : dsh
  critic   : dsh
  max-rej  : 30   max-iter/phase: 30
  timeouts : proposer 3600s  critic 300s   wall: 0min
  git      : auto
  telemetry: loki: export configured (http://127.0.0.1:3110)
  otel     : otel: endpoint reachable (http://127.0.0.1:4318)
  verify   : required  plan: /root/ainetops-demo/testautomation/001-ainetops-sonic-evpn-fabric/TEST_PLAN.md  scaffolds: /root/ainetops-demo/testautomation/001-ainetops-sonic-evpn-fabric/generated
  resume   : phase 8
  run_id   : 20260829-214324-367095
  stop with: touch /root/ainetops-demo/.wiggum/stop.flag
  note     : root + IS_SANDBOX unset -> auto-set IS_SANDBOX=1


===== PHASE 8 — Security, reproducibility, and release acceptance  (2026-08-29T21:43:25+04:00) =====
----- proposer: phase 8 attempt 1/30 (dsh) -----
----- proposer pass 1/30  2026-08-29T21:43:35+04:00 -----

dsh: TRANSPORT: Connection error.
----- proposer pass 2/30  2026-08-29T21:43:55+04:00 -----

dsh: TRANSPORT: Connection error.
----- proposer pass 3/30  2026-08-29T21:44:16+04:00 -----

dsh: TRANSPORT: Connection error.
----- proposer pass 4/30  2026-08-29T21:44:37+04:00 -----

dsh: TRANSPORT: Connection error.
----- proposer pass 5/30  2026-08-29T21:44:58+04:00 -----

dsh: TRANSPORT: Connection error.
----- proposer pass 6/30  2026-08-29T21:45:19+04:00 -----

dsh: TRANSPORT: Connection error.
----- proposer pass 7/30  2026-08-29T21:45:40+04:00 -----

dsh: TRANSPORT: Connection error.
----- proposer pass 8/30  2026-08-29T21:46:01+04:00 -----

dsh: TRANSPORT: Connection error.
----- proposer pass 9/30  2026-08-29T21:46:23+04:00 -----

dsh: TRANSPORT: Connection error.
----- proposer pass 10/30  2026-08-29T21:46:44+04:00 -----

dsh: TRANSPORT: Connection error.
----- proposer pass 11/30  2026-08-29T21:47:04+04:00 -----

dsh: TRANSPORT: Connection error.
----- proposer pass 12/30  2026-08-29T21:47:24+04:00 -----

dsh: TRANSPORT: Connection error.
----- proposer pass 13/30  2026-08-29T21:47:45+04:00 -----

dsh: TRANSPORT: Connection error.
----- proposer pass 14/30  2026-08-29T21:48:05+04:00 -----

dsh: TRANSPORT: Connection error.
----- proposer pass 15/30  2026-08-29T21:48:25+04:00 -----

dsh: TRANSPORT: Connection error.
----- proposer pass 16/30  2026-08-29T21:48:45+04:00 -----

dsh: TRANSPORT: Connection error.
----- proposer pass 17/30  2026-08-29T21:49:05+04:00 -----

dsh: TRANSPORT: Connection error.
----- proposer pass 18/30  2026-08-29T21:49:25+04:00 -----

dsh: TRANSPORT: Connection error.
----- proposer pass 19/30  2026-08-29T21:49:44+04:00 -----

dsh: TRANSPORT: Connection error.
----- proposer pass 20/30  2026-08-29T21:50:04+04:00 -----

dsh: TRANSPORT: Connection error.
----- proposer pass 21/30  2026-08-29T21:50:25+04:00 -----

dsh: TRANSPORT: Connection error.
----- proposer pass 22/30  2026-08-29T21:50:45+04:00 -----

dsh: TRANSPORT: Connection error.
----- proposer pass 23/30  2026-08-29T21:51:06+04:00 -----

dsh: TRANSPORT: Connection error.
----- proposer pass 24/30  2026-08-29T21:51:26+04:00 -----

dsh: TRANSPORT: Connection error.
----- proposer pass 25/30  2026-08-29T21:51:46+04:00 -----

dsh: TRANSPORT: Connection error.
----- proposer pass 26/30  2026-08-29T21:52:06+04:00 -----

dsh: TRANSPORT: Connection error.
----- proposer pass 27/30  2026-08-29T21:52:27+04:00 -----

dsh: TRANSPORT: Connection error.
----- proposer pass 28/30  2026-08-29T21:52:48+04:00 -----

dsh: TRANSPORT: Connection error.
----- proposer pass 29/30  2026-08-29T21:53:09+04:00 -----

dsh: TRANSPORT: Connection error.
----- proposer pass 30/30  2026-08-29T21:53:30+04:00 -----

dsh: TRANSPORT: Connection error.
proposer.sh: max-iter (30) reached without /root/ainetops-demo/.wiggum/features/001-ainetops-sonic-evpn-fabric/gates/GATE8-EVIDENCE.md
>>> proposer hit max-iter (30) without evidence for phase 8 — halting (exit 4).
