[preflight] WARN: containerlab version  != pinned 0.79.0 (soft mode)
[preflight] basic host checks passed
make: Entering directory '/root/ainetops-demo'
[verify-pins] validating versions.lock.yaml
[verify-pins] versions.lock.yaml pins and compatibility are consistent
[validate-crds] server-side validating CRDs and examples
[validate-crds] server-side dry-run: Kubenet CRDs (1 files)
error: error validating "/root/ainetops-demo/deploy/kubenet/crds/kubenet-crds.yaml": error validating data: failed to download openapi: Get "http://localhost:8080/openapi/v2?timeout=32s": dial tcp 127.0.0.1:8080: connect: connection refused; if you choose to ignore these errors, turn validation off with --validate=false
[validate-crds] WARN: server-side dry-run failed for Kubenet CRDs; continuing in soft mode
[validate-crds] server-side dry-run: KUID CRDs (1 files)
error: error validating "/root/ainetops-demo/deploy/kuid/crds/kuid-crds.yaml": error validating data: failed to download openapi: Get "http://localhost:8080/openapi/v2?timeout=32s": dial tcp 127.0.0.1:8080: connect: connection refused; if you choose to ignore these errors, turn validation off with --validate=false
[validate-crds] WARN: server-side dry-run failed for KUID CRDs; continuing in soft mode
[validate-crds] server-side dry-run: SDC CRDs (1 files)
error: error validating "/root/ainetops-demo/deploy/sdc/crds/sdc-crds.yaml": error validating data: failed to download openapi: Get "http://localhost:8080/openapi/v2?timeout=32s": dial tcp 127.0.0.1:8080: connect: connection refused; if you choose to ignore these errors, turn validation off with --validate=false
[validate-crds] WARN: server-side dry-run failed for SDC CRDs; continuing in soft mode
[validate-crds] server-side dry-run: Kubenet examples (1 files)
error: error validating "/root/ainetops-demo/deploy/kubenet/topology.yaml": error validating data: failed to download openapi: Get "http://localhost:8080/openapi/v2?timeout=32s": dial tcp 127.0.0.1:8080: connect: connection refused; if you choose to ignore these errors, turn validation off with --validate=false
[validate-crds] WARN: server-side dry-run failed for Kubenet examples; continuing in soft mode
[validate-crds] OK
[verify-register] checking renderer paths against register
=== RUN   TestRendererPathsCoveredByRegister
--- PASS: TestRendererPathsCoveredByRegister (0.00s)
PASS
ok  	github.com/mairp/ainetops/tests/unit	(cached)
[verify-compat] pins, CRD, and register validations passed
make: Leaving directory '/root/ainetops-demo'
b78ecf3c71cb5369773e956d444ecfe2fa2ad95e75d453a9af222621954555f6
[provision] WARN: kind helper not found; skipping Kind cluster ensure
[provision] WARN: containerlab helper not found; skipping lab deploy
[provision] building controller images
#0 building with "default" instance using docker driver

#1 [internal] load build definition from Dockerfile
#1 transferring dockerfile: 619B done
#1 DONE 0.0s

#2 resolve image config for docker-image://docker.io/docker/dockerfile:1
#2 DONE 1.3s

#1 [internal] load build definition from Dockerfile
#1 transferring dockerfile: 619B done
#1 DONE 0.0s

#3 docker-image://docker.io/docker/dockerfile:1@sha256:ecfaec9ed6d810b56388c508f4121597bfbba70d41a6dfeee4d8cad5f295fc32
#3 CACHED

#4 [internal] load build definition from Dockerfile
#4 DONE 0.0s

#5 [internal] load metadata for docker.io/library/golang:1.22
#5 ...

#6 [internal] load metadata for gcr.io/distroless/static:nonroot
#6 DONE 0.4s

#5 [internal] load metadata for docker.io/library/golang:1.22
#5 DONE 1.7s

#7 [internal] load .dockerignore
#7 transferring context: 2B done
#7 DONE 0.0s

#8 [builder 1/6] FROM docker.io/library/golang:1.22@sha256:1cf6c45ba39db9fd6db16922041d074a63c935556a05c5ccb62d181034df7f02
#8 DONE 0.0s

#9 [runtime 1/3] FROM gcr.io/distroless/static:nonroot@sha256:1c2c046bc09ed40fad370b599a0b1ae7987f55b01e247cf27a7c27cd97e5bbc7
#9 CACHED

#10 [internal] load build context
#10 transferring context: 6.84MB 3.4s done
#10 DONE 3.5s

#11 [builder 2/6] WORKDIR /src
#11 CACHED

#12 [builder 3/6] COPY go.mod go.sum ./
#12 CACHED

#13 [builder 4/6] RUN --mount=type=cache,target=/go/pkg/mod     go mod download
#13 CACHED

#14 [builder 5/6] COPY . .
#14 DONE 15.5s

#15 [builder 6/6] RUN --mount=type=cache,target=/go/pkg/mod     CGO_ENABLED=0 GOOS=linux GOARCH=amd64     go build -trimpath -ldflags='-s -w' -tags ainetops_k8s       -o /out/sonic-provider ./cmd/sonic-provider
#15 48.45 # github.com/mairp/ainetops/cmd/sonic-provider
#15 48.45 cmd/sonic-provider/main.go:8:2: "fmt" imported and not used
#15 48.45 cmd/sonic-provider/main.go:58:3: unknown field MetricsBindAddress in struct literal of type manager.Options
#15 ERROR: process "/bin/sh -c CGO_ENABLED=0 GOOS=linux GOARCH=amd64     go build -trimpath -ldflags='-s -w' -tags ainetops_k8s       -o /out/sonic-provider ./cmd/sonic-provider" did not complete successfully: exit code: 1
------
 > [builder 6/6] RUN --mount=type=cache,target=/go/pkg/mod     CGO_ENABLED=0 GOOS=linux GOARCH=amd64     go build -trimpath -ldflags='-s -w' -tags ainetops_k8s       -o /out/sonic-provider ./cmd/sonic-provider:
48.45 # github.com/mairp/ainetops/cmd/sonic-provider
48.45 cmd/sonic-provider/main.go:8:2: "fmt" imported and not used
48.45 cmd/sonic-provider/main.go:58:3: unknown field MetricsBindAddress in struct literal of type manager.Options
------
Dockerfile:9
--------------------
   8 |     COPY . .
   9 | >>> RUN --mount=type=cache,target=/go/pkg/mod \
  10 | >>>     CGO_ENABLED=0 GOOS=linux GOARCH=amd64 \
  11 | >>>     go build -trimpath -ldflags='-s -w' -tags ainetops_k8s \
  12 | >>>       -o /out/sonic-provider ./cmd/sonic-provider
  13 |     
--------------------
ERROR: failed to solve: process "/bin/sh -c CGO_ENABLED=0 GOOS=linux GOARCH=amd64     go build -trimpath -ldflags='-s -w' -tags ainetops_k8s       -o /out/sonic-provider ./cmd/sonic-provider" did not complete successfully: exit code: 1
