[preflight] WARN: containerlab version  != pinned 0.79.0 (soft mode)
[preflight] basic host checks passed
make: Entering directory '/root/ainetops-demo'
[verify-pins] validating versions.lock.yaml
[verify-pins] versions.lock.yaml pins and compatibility are consistent
[validate-crds] server-side validating CRDs and examples
[validate-crds] server-side dry-run: Kubenet CRDs (1 files)
error: error validating "/root/ainetops-demo/deploy/kubenet/crds/kubenet-crds.yaml": error validating data: failed to download openapi: Get "http://localhost:8080/openapi/v2?timeout=32s": dial tcp 127.0.0.1:8080: connect: connection refused; if you choose to ignore these errors, turn validation off with --validate=false
[validate-crds] WARN: server-side dry-run failed for Kubenet CRDs; continuing in soft mode
[validate-crds] server-side dry-run: KUID CRDs (1 files)
error: error validating "/root/ainetops-demo/deploy/kuid/crds/kuid-crds.yaml": error validating data: failed to download openapi: Get "http://localhost:8080/openapi/v2?timeout=32s": dial tcp 127.0.0.1:8080: connect: connection refused; if you choose to ignore these errors, turn validation off with --validate=false
[validate-crds] WARN: server-side dry-run failed for KUID CRDs; continuing in soft mode
[validate-crds] server-side dry-run: SDC CRDs (1 files)
error: error validating "/root/ainetops-demo/deploy/sdc/crds/sdc-crds.yaml": error validating data: failed to download openapi: Get "http://localhost:8080/openapi/v2?timeout=32s": dial tcp 127.0.0.1:8080: connect: connection refused; if you choose to ignore these errors, turn validation off with --validate=false
[validate-crds] WARN: server-side dry-run failed for SDC CRDs; continuing in soft mode
[validate-crds] server-side dry-run: Kubenet examples (1 files)
error: error validating "/root/ainetops-demo/deploy/kubenet/topology.yaml": error validating data: failed to download openapi: Get "http://localhost:8080/openapi/v2?timeout=32s": dial tcp 127.0.0.1:8080: connect: connection refused; if you choose to ignore these errors, turn validation off with --validate=false
[validate-crds] WARN: server-side dry-run failed for Kubenet examples; continuing in soft mode
[validate-crds] OK
[verify-register] checking renderer paths against register
=== RUN   TestRendererPathsCoveredByRegister
--- PASS: TestRendererPathsCoveredByRegister (0.00s)
PASS
ok  	github.com/mairp/ainetops/tests/unit	0.004s
[verify-compat] pins, CRD, and register validations passed
make: Leaving directory '/root/ainetops-demo'
3412e19b8d84d309a0a9ff32c1f58b3f1c19493b65f9ac5fba5c4d0464abb472
[provision] WARN: kind helper not found; skipping Kind cluster ensure
[provision] WARN: containerlab helper not found; skipping lab deploy
[provision] building controller images
#0 building with "default" instance using docker driver

#1 [internal] load build definition from Dockerfile
#1 transferring dockerfile: 619B done
#1 DONE 0.0s

#2 resolve image config for docker-image://docker.io/docker/dockerfile:1
#2 DONE 3.8s

#3 docker-image://docker.io/docker/dockerfile:1@sha256:ecfaec9ed6d810b56388c508f4121597bfbba70d41a6dfeee4d8cad5f295fc32
#3 resolve docker.io/docker/dockerfile:1@sha256:ecfaec9ed6d810b56388c508f4121597bfbba70d41a6dfeee4d8cad5f295fc32 done
#3 sha256:34b128e419449565adc5ed7f487a6f503a73f1077012cfed86354c731338c44f 1.13kB / 1.13kB done
#3 sha256:c844dc65644b70ea8b391444db20ff38537384d800ea9896d46ab8f3ce897f51 1.33kB / 1.33kB done
#3 sha256:9f624ef51ad55db0ea52d755cc777566386156106fbb4f465eecb22c67ac55ed 0B / 14.14MB 0.1s
#3 sha256:ecfaec9ed6d810b56388c508f4121597bfbba70d41a6dfeee4d8cad5f295fc32 9.08kB / 9.08kB done
#3 sha256:9f624ef51ad55db0ea52d755cc777566386156106fbb4f465eecb22c67ac55ed 1.05MB / 14.14MB 1.5s
#3 sha256:9f624ef51ad55db0ea52d755cc777566386156106fbb4f465eecb22c67ac55ed 2.10MB / 14.14MB 2.2s
#3 sha256:9f624ef51ad55db0ea52d755cc777566386156106fbb4f465eecb22c67ac55ed 3.15MB / 14.14MB 3.1s
#3 sha256:9f624ef51ad55db0ea52d755cc777566386156106fbb4f465eecb22c67ac55ed 4.19MB / 14.14MB 3.7s
#3 sha256:9f624ef51ad55db0ea52d755cc777566386156106fbb4f465eecb22c67ac55ed 5.24MB / 14.14MB 4.2s
#3 sha256:9f624ef51ad55db0ea52d755cc777566386156106fbb4f465eecb22c67ac55ed 6.29MB / 14.14MB 4.7s
#3 sha256:9f624ef51ad55db0ea52d755cc777566386156106fbb4f465eecb22c67ac55ed 7.34MB / 14.14MB 5.2s
#3 sha256:9f624ef51ad55db0ea52d755cc777566386156106fbb4f465eecb22c67ac55ed 8.39MB / 14.14MB 5.9s
#3 sha256:9f624ef51ad55db0ea52d755cc777566386156106fbb4f465eecb22c67ac55ed 9.44MB / 14.14MB 6.4s
#3 sha256:9f624ef51ad55db0ea52d755cc777566386156106fbb4f465eecb22c67ac55ed 10.49MB / 14.14MB 6.9s
#3 sha256:9f624ef51ad55db0ea52d755cc777566386156106fbb4f465eecb22c67ac55ed 11.53MB / 14.14MB 7.4s
#3 sha256:9f624ef51ad55db0ea52d755cc777566386156106fbb4f465eecb22c67ac55ed 12.58MB / 14.14MB 7.9s
#3 sha256:9f624ef51ad55db0ea52d755cc777566386156106fbb4f465eecb22c67ac55ed 13.63MB / 14.14MB 8.4s
#3 sha256:9f624ef51ad55db0ea52d755cc777566386156106fbb4f465eecb22c67ac55ed 14.14MB / 14.14MB 8.7s done
#3 extracting sha256:9f624ef51ad55db0ea52d755cc777566386156106fbb4f465eecb22c67ac55ed 0.1s
#3 extracting sha256:9f624ef51ad55db0ea52d755cc777566386156106fbb4f465eecb22c67ac55ed 0.4s done
#3 DONE 9.1s

#1 [internal] load build definition from Dockerfile
#1 transferring dockerfile: 619B done
#1 DONE 0.0s

#4 [internal] load build definition from Dockerfile
#4 DONE 0.0s

#5 [internal] load metadata for docker.io/library/golang:1.22
#5 ...

#6 [internal] load metadata for gcr.io/distroless/static:nonroot
#6 DONE 2.5s

#5 [internal] load metadata for docker.io/library/golang:1.22
#5 DONE 3.5s

#7 [internal] load .dockerignore
#7 transferring context: 2B done
#7 DONE 0.0s

#8 [runtime 1/3] FROM gcr.io/distroless/static:nonroot@sha256:1c2c046bc09ed40fad370b599a0b1ae7987f55b01e247cf27a7c27cd97e5bbc7
#8 resolve gcr.io/distroless/static:nonroot@sha256:1c2c046bc09ed40fad370b599a0b1ae7987f55b01e247cf27a7c27cd97e5bbc7 0.0s done
#8 sha256:1c2c046bc09ed40fad370b599a0b1ae7987f55b01e247cf27a7c27cd97e5bbc7 1.79kB / 1.79kB done
#8 sha256:76dd10bca0ab27e17dd4a0485741e2fd5d48b3538a0b7b897c70f69de4a4fc0b 2.94kB / 2.94kB done
#8 sha256:c172f21841dff4c8cf45cde46589c1c2616cefe7e819965e92e6d3475c428aa0 0B / 12.68kB 0.1s
#8 sha256:99515e7b4d35e0652d3b0fde571b6ec269222ecacc506f026e1758d6261e9109 0B / 288.54kB 0.1s
#8 sha256:e754765ad9e167b0677b41c617fd44afb7b9818a477f48f17bda08e12cfb98cb 2.86kB / 2.86kB done
#8 sha256:1eed391ea893e6015bf4ce4ed366909975d2acdbe907670919236a8d18ea6b07 0B / 85.86kB 0.1s
#8 sha256:c172f21841dff4c8cf45cde46589c1c2616cefe7e819965e92e6d3475c428aa0 12.68kB / 12.68kB 1.8s done
#8 sha256:99ba982a9142213c751a1709dcf088e63d8601f03b3f211bae037be698fef270 0B / 254.45kB 1.9s
#8 sha256:1eed391ea893e6015bf4ce4ed366909975d2acdbe907670919236a8d18ea6b07 85.86kB / 85.86kB 2.4s done
#8 extracting sha256:1eed391ea893e6015bf4ce4ed366909975d2acdbe907670919236a8d18ea6b07 0.1s done
#8 sha256:d6b1b89eccacc15c2420b2776d72c1dae334a00805ed9af54bf2f71e4d536f28 0B / 32.09kB 2.5s
#8 extracting sha256:c172f21841dff4c8cf45cde46589c1c2616cefe7e819965e92e6d3475c428aa0
#8 extracting sha256:c172f21841dff4c8cf45cde46589c1c2616cefe7e819965e92e6d3475c428aa0 0.0s done
#8 sha256:99515e7b4d35e0652d3b0fde571b6ec269222ecacc506f026e1758d6261e9109 288.54kB / 288.54kB 3.0s
#8 extracting sha256:99515e7b4d35e0652d3b0fde571b6ec269222ecacc506f026e1758d6261e9109
#8 sha256:99515e7b4d35e0652d3b0fde571b6ec269222ecacc506f026e1758d6261e9109 288.54kB / 288.54kB 3.0s done
#8 sha256:2780920e5dbfbe103d03a583ed75345306e572ec5a48cb10361f046767d9f29a 0B / 67B 3.1s
#8 extracting sha256:99515e7b4d35e0652d3b0fde571b6ec269222ecacc506f026e1758d6261e9109 0.2s done
#8 sha256:d6b1b89eccacc15c2420b2776d72c1dae334a00805ed9af54bf2f71e4d536f28 32.09kB / 32.09kB 3.5s done
#8 sha256:2780920e5dbfbe103d03a583ed75345306e572ec5a48cb10361f046767d9f29a 67B / 67B 3.5s done
#8 sha256:7c12895b777bcaa8ccae0605b4de635b68fc32d60fa08f421dc3818bf55ee212 0B / 188B 3.5s
#8 sha256:3214acf345c0cc6bbdb56b698a41ccdefc624a09d6beb0d38b5de0b2303ecaf4 0B / 123B 3.6s
#8 sha256:99ba982a9142213c751a1709dcf088e63d8601f03b3f211bae037be698fef270 254.45kB / 254.45kB 3.9s done
#8 extracting sha256:99ba982a9142213c751a1709dcf088e63d8601f03b3f211bae037be698fef270
#8 sha256:52630fc75a18675c530ed9eba5f55eca09b03e91bd5bc15307918bbc1a7e7296 0B / 162B 3.9s
#8 sha256:7c12895b777bcaa8ccae0605b4de635b68fc32d60fa08f421dc3818bf55ee212 188B / 188B 3.9s done
#8 sha256:3214acf345c0cc6bbdb56b698a41ccdefc624a09d6beb0d38b5de0b2303ecaf4 123B / 123B 3.9s done
#8 sha256:dd64bf2dd177757451a98fcdc999a339c35dee5d9872d8f4dc69c8f3c4dd0112 0B / 80B 4.0s
#8 sha256:b839dfae01f66e15c6a8b63520557ed315bdfe036342fa7a0c537259f10d7a9a 0B / 351B 4.0s
#8 extracting sha256:99ba982a9142213c751a1709dcf088e63d8601f03b3f211bae037be698fef270 0.4s done
#8 extracting sha256:d6b1b89eccacc15c2420b2776d72c1dae334a00805ed9af54bf2f71e4d536f28
#8 extracting sha256:d6b1b89eccacc15c2420b2776d72c1dae334a00805ed9af54bf2f71e4d536f28 0.0s done
#8 extracting sha256:2780920e5dbfbe103d03a583ed75345306e572ec5a48cb10361f046767d9f29a done
#8 extracting sha256:7c12895b777bcaa8ccae0605b4de635b68fc32d60fa08f421dc3818bf55ee212 0.0s done
#8 extracting sha256:3214acf345c0cc6bbdb56b698a41ccdefc624a09d6beb0d38b5de0b2303ecaf4 done
#8 extracting sha256:52630fc75a18675c530ed9eba5f55eca09b03e91bd5bc15307918bbc1a7e7296
#8 sha256:52630fc75a18675c530ed9eba5f55eca09b03e91bd5bc15307918bbc1a7e7296 162B / 162B 4.4s done
#8 sha256:dd64bf2dd177757451a98fcdc999a339c35dee5d9872d8f4dc69c8f3c4dd0112 80B / 80B 4.3s done
#8 sha256:b839dfae01f66e15c6a8b63520557ed315bdfe036342fa7a0c537259f10d7a9a 351B / 351B 4.4s done
#8 extracting sha256:52630fc75a18675c530ed9eba5f55eca09b03e91bd5bc15307918bbc1a7e7296 done
#8 extracting sha256:dd64bf2dd177757451a98fcdc999a339c35dee5d9872d8f4dc69c8f3c4dd0112 done
#8 sha256:ebddc55facdc6b1f7e0f30816a5fc7cc62f38abdf76c0a8b0a0ce52085754795 0B / 311B 4.5s
#8 sha256:c4bc6f35ff5e25aa1afe7a148a0b6f10a760f54e298f86a4a4d44b91f1afbfab 0B / 143.34kB 4.5s
#8 extracting sha256:b839dfae01f66e15c6a8b63520557ed315bdfe036342fa7a0c537259f10d7a9a done
#8 sha256:ebddc55facdc6b1f7e0f30816a5fc7cc62f38abdf76c0a8b0a0ce52085754795 311B / 311B 4.9s done
#8 extracting sha256:ebddc55facdc6b1f7e0f30816a5fc7cc62f38abdf76c0a8b0a0ce52085754795 done
#8 sha256:c4bc6f35ff5e25aa1afe7a148a0b6f10a760f54e298f86a4a4d44b91f1afbfab 143.34kB / 143.34kB 5.8s done
#8 extracting sha256:c4bc6f35ff5e25aa1afe7a148a0b6f10a760f54e298f86a4a4d44b91f1afbfab 0.0s done
#8 DONE 6.2s

#9 [internal] load build context
#9 transferring context: 898.11MB 6.2s
#9 ...

#10 [builder 1/6] FROM docker.io/library/golang:1.22@sha256:1cf6c45ba39db9fd6db16922041d074a63c935556a05c5ccb62d181034df7f02
#10 resolve docker.io/library/golang:1.22@sha256:1cf6c45ba39db9fd6db16922041d074a63c935556a05c5ccb62d181034df7f02 0.0s done
#10 sha256:1cf6c45ba39db9fd6db16922041d074a63c935556a05c5ccb62d181034df7f02 10.07kB / 10.07kB done
#10 sha256:1f298b0c9fecdf504389a0329236f948cc04a566a2bb32337207cbaaa2f8177c 2.32kB / 2.32kB done
#10 sha256:2fce09cfad57c6de112654eeb6f6da1851f3ced1cff7ac0002378642c2c7ca84 2.81kB / 2.81kB done
#10 sha256:a492eee5e55976c7d3feecce4c564aaf6f14fb07fdc5019d06f4154eddc93fde 3.15MB / 48.48MB 8.8s
#10 sha256:32b550be6cb62359a0f3a96bc0dc289f8b45d097eaad275887f163c6780b4108 2.10MB / 24.06MB 8.8s
#10 sha256:35af2a7690f2b43e7237d1fae8e3f2350dfb25f3249e9cf65121866f9c56c772 7.34MB / 64.39MB 8.8s
#10 ...

#9 [internal] load build context
#9 transferring context: 1.43GB 11.2s
#9 ...

#10 [builder 1/6] FROM docker.io/library/golang:1.22@sha256:1cf6c45ba39db9fd6db16922041d074a63c935556a05c5ccb62d181034df7f02
#10 sha256:a492eee5e55976c7d3feecce4c564aaf6f14fb07fdc5019d06f4154eddc93fde 5.24MB / 48.48MB 15.5s
#10 sha256:32b550be6cb62359a0f3a96bc0dc289f8b45d097eaad275887f163c6780b4108 5.24MB / 24.06MB 15.5s
#10 sha256:35af2a7690f2b43e7237d1fae8e3f2350dfb25f3249e9cf65121866f9c56c772 64.39MB / 64.39MB 15.0s done
#10 sha256:3b7f19923e1501f025b9459750b20f5df37af452482f75b91205f345d1c0e1b5 0B / 92.33MB 15.5s
#10 ...

#9 [internal] load build context
#9 transferring context: 1.86GB 15.6s done
#9 DONE 15.8s

#10 [builder 1/6] FROM docker.io/library/golang:1.22@sha256:1cf6c45ba39db9fd6db16922041d074a63c935556a05c5ccb62d181034df7f02
#10 sha256:3b7f19923e1501f025b9459750b20f5df37af452482f75b91205f345d1c0e1b5 7.34MB / 92.33MB 16.2s
#10 sha256:3b7f19923e1501f025b9459750b20f5df37af452482f75b91205f345d1c0e1b5 13.63MB / 92.33MB 17.1s
#10 sha256:3b7f19923e1501f025b9459750b20f5df37af452482f75b91205f345d1c0e1b5 19.92MB / 92.33MB 17.7s
#10 sha256:3b7f19923e1501f025b9459750b20f5df37af452482f75b91205f345d1c0e1b5 25.17MB / 92.33MB 18.2s
#10 sha256:3b7f19923e1501f025b9459750b20f5df37af452482f75b91205f345d1c0e1b5 30.41MB / 92.33MB 18.7s
#10 sha256:32b550be6cb62359a0f3a96bc0dc289f8b45d097eaad275887f163c6780b4108 7.34MB / 24.06MB 19.1s
#10 sha256:3b7f19923e1501f025b9459750b20f5df37af452482f75b91205f345d1c0e1b5 35.65MB / 92.33MB 19.3s
#10 sha256:3b7f19923e1501f025b9459750b20f5df37af452482f75b91205f345d1c0e1b5 40.89MB / 92.33MB 19.7s
#10 sha256:3b7f19923e1501f025b9459750b20f5df37af452482f75b91205f345d1c0e1b5 46.14MB / 92.33MB 20.3s
#10 sha256:a492eee5e55976c7d3feecce4c564aaf6f14fb07fdc5019d06f4154eddc93fde 7.34MB / 48.48MB 20.5s
#10 sha256:3b7f19923e1501f025b9459750b20f5df37af452482f75b91205f345d1c0e1b5 52.43MB / 92.33MB 20.9s
#10 sha256:3b7f19923e1501f025b9459750b20f5df37af452482f75b91205f345d1c0e1b5 58.72MB / 92.33MB 21.6s
#10 sha256:3b7f19923e1501f025b9459750b20f5df37af452482f75b91205f345d1c0e1b5 63.96MB / 92.33MB 22.1s
#10 sha256:32b550be6cb62359a0f3a96bc0dc289f8b45d097eaad275887f163c6780b4108 9.44MB / 24.06MB 22.6s
#10 sha256:3b7f19923e1501f025b9459750b20f5df37af452482f75b91205f345d1c0e1b5 69.21MB / 92.33MB 22.6s
#10 sha256:3b7f19923e1501f025b9459750b20f5df37af452482f75b91205f345d1c0e1b5 74.45MB / 92.33MB 23.1s
#10 sha256:3b7f19923e1501f025b9459750b20f5df37af452482f75b91205f345d1c0e1b5 80.74MB / 92.33MB 23.9s
#10 sha256:3b7f19923e1501f025b9459750b20f5df37af452482f75b91205f345d1c0e1b5 87.03MB / 92.33MB 24.6s
#10 sha256:32b550be6cb62359a0f3a96bc0dc289f8b45d097eaad275887f163c6780b4108 11.53MB / 24.06MB 25.1s
#10 sha256:3b7f19923e1501f025b9459750b20f5df37af452482f75b91205f345d1c0e1b5 92.33MB / 92.33MB 25.1s
#10 sha256:a492eee5e55976c7d3feecce4c564aaf6f14fb07fdc5019d06f4154eddc93fde 10.49MB / 48.48MB 25.2s
#10 sha256:3b7f19923e1501f025b9459750b20f5df37af452482f75b91205f345d1c0e1b5 92.33MB / 92.33MB 25.1s done
#10 sha256:afa154b433c7f72db064d19e1bcfa84ee196ad29120328f6bdb2c5fbd7b8eeac 0B / 69.36MB 25.2s
#10 sha256:afa154b433c7f72db064d19e1bcfa84ee196ad29120328f6bdb2c5fbd7b8eeac 5.24MB / 69.36MB 26.7s
#10 sha256:afa154b433c7f72db064d19e1bcfa84ee196ad29120328f6bdb2c5fbd7b8eeac 9.44MB / 69.36MB 27.1s
#10 sha256:32b550be6cb62359a0f3a96bc0dc289f8b45d097eaad275887f163c6780b4108 13.63MB / 24.06MB 27.2s
#10 sha256:afa154b433c7f72db064d19e1bcfa84ee196ad29120328f6bdb2c5fbd7b8eeac 14.68MB / 69.36MB 27.7s
#10 sha256:afa154b433c7f72db064d19e1bcfa84ee196ad29120328f6bdb2c5fbd7b8eeac 19.92MB / 69.36MB 28.2s
#10 sha256:afa154b433c7f72db064d19e1bcfa84ee196ad29120328f6bdb2c5fbd7b8eeac 24.12MB / 69.36MB 28.7s
#10 sha256:afa154b433c7f72db064d19e1bcfa84ee196ad29120328f6bdb2c5fbd7b8eeac 28.31MB / 69.36MB 29.2s
#10 sha256:afa154b433c7f72db064d19e1bcfa84ee196ad29120328f6bdb2c5fbd7b8eeac 33.55MB / 69.36MB 29.9s
#10 sha256:a492eee5e55976c7d3feecce4c564aaf6f14fb07fdc5019d06f4154eddc93fde 12.58MB / 48.48MB 30.3s
#10 sha256:afa154b433c7f72db064d19e1bcfa84ee196ad29120328f6bdb2c5fbd7b8eeac 37.75MB / 69.36MB 30.3s
#10 sha256:afa154b433c7f72db064d19e1bcfa84ee196ad29120328f6bdb2c5fbd7b8eeac 41.94MB / 69.36MB 30.8s
#10 sha256:afa154b433c7f72db064d19e1bcfa84ee196ad29120328f6bdb2c5fbd7b8eeac 47.19MB / 69.36MB 31.7s
#10 sha256:32b550be6cb62359a0f3a96bc0dc289f8b45d097eaad275887f163c6780b4108 15.73MB / 24.06MB 32.0s
#10 sha256:afa154b433c7f72db064d19e1bcfa84ee196ad29120328f6bdb2c5fbd7b8eeac 51.38MB / 69.36MB 32.2s
#10 sha256:afa154b433c7f72db064d19e1bcfa84ee196ad29120328f6bdb2c5fbd7b8eeac 55.57MB / 69.36MB 32.8s
#10 sha256:afa154b433c7f72db064d19e1bcfa84ee196ad29120328f6bdb2c5fbd7b8eeac 59.77MB / 69.36MB 33.6s
#10 sha256:afa154b433c7f72db064d19e1bcfa84ee196ad29120328f6bdb2c5fbd7b8eeac 65.01MB / 69.36MB 34.5s
#10 sha256:afa154b433c7f72db064d19e1bcfa84ee196ad29120328f6bdb2c5fbd7b8eeac 69.36MB / 69.36MB 34.9s done
#10 sha256:1451027d3c0ee892b96310c034788bbe22b30b8ea2d075edbd09acfeaaaa439f 0B / 126B 35.0s
#10 sha256:a492eee5e55976c7d3feecce4c564aaf6f14fb07fdc5019d06f4154eddc93fde 13.63MB / 48.48MB 35.4s
#10 sha256:1451027d3c0ee892b96310c034788bbe22b30b8ea2d075edbd09acfeaaaa439f 126B / 126B 35.4s done
#10 sha256:4f4fb700ef54461cfa02571ae0db9a0dc1e0cdb5577484a6d75e68dc38e8acc1 0B / 32B 35.5s
#10 sha256:4f4fb700ef54461cfa02571ae0db9a0dc1e0cdb5577484a6d75e68dc38e8acc1 32B / 32B 35.9s done
#10 sha256:32b550be6cb62359a0f3a96bc0dc289f8b45d097eaad275887f163c6780b4108 16.78MB / 24.06MB 37.1s
#10 sha256:a492eee5e55976c7d3feecce4c564aaf6f14fb07fdc5019d06f4154eddc93fde 14.68MB / 48.48MB 40.5s
#10 sha256:32b550be6cb62359a0f3a96bc0dc289f8b45d097eaad275887f163c6780b4108 18.87MB / 24.06MB 40.8s
#10 sha256:a492eee5e55976c7d3feecce4c564aaf6f14fb07fdc5019d06f4154eddc93fde 17.83MB / 48.48MB 44.1s
#10 sha256:32b550be6cb62359a0f3a96bc0dc289f8b45d097eaad275887f163c6780b4108 20.97MB / 24.06MB 44.4s
#10 sha256:32b550be6cb62359a0f3a96bc0dc289f8b45d097eaad275887f163c6780b4108 23.07MB / 24.06MB 47.4s
#10 sha256:a492eee5e55976c7d3feecce4c564aaf6f14fb07fdc5019d06f4154eddc93fde 20.97MB / 48.48MB 48.0s
#10 sha256:32b550be6cb62359a0f3a96bc0dc289f8b45d097eaad275887f163c6780b4108 24.06MB / 24.06MB 48.5s done
#10 sha256:a492eee5e55976c7d3feecce4c564aaf6f14fb07fdc5019d06f4154eddc93fde 24.12MB / 48.48MB 51.0s
#10 sha256:a492eee5e55976c7d3feecce4c564aaf6f14fb07fdc5019d06f4154eddc93fde 27.26MB / 48.48MB 53.5s
#10 sha256:a492eee5e55976c7d3feecce4c564aaf6f14fb07fdc5019d06f4154eddc93fde 30.41MB / 48.48MB 55.5s
#10 sha256:a492eee5e55976c7d3feecce4c564aaf6f14fb07fdc5019d06f4154eddc93fde 33.55MB / 48.48MB 57.2s
#10 sha256:a492eee5e55976c7d3feecce4c564aaf6f14fb07fdc5019d06f4154eddc93fde 36.70MB / 48.48MB 58.9s
#10 sha256:a492eee5e55976c7d3feecce4c564aaf6f14fb07fdc5019d06f4154eddc93fde 39.85MB / 48.48MB 60.9s
#10 sha256:a492eee5e55976c7d3feecce4c564aaf6f14fb07fdc5019d06f4154eddc93fde 42.99MB / 48.48MB 62.5s
#10 sha256:a492eee5e55976c7d3feecce4c564aaf6f14fb07fdc5019d06f4154eddc93fde 46.14MB / 48.48MB 64.3s
#10 extracting sha256:a492eee5e55976c7d3feecce4c564aaf6f14fb07fdc5019d06f4154eddc93fde
#10 sha256:a492eee5e55976c7d3feecce4c564aaf6f14fb07fdc5019d06f4154eddc93fde 48.48MB / 48.48MB 65.1s done
#10 extracting sha256:a492eee5e55976c7d3feecce4c564aaf6f14fb07fdc5019d06f4154eddc93fde 2.5s done
#10 extracting sha256:32b550be6cb62359a0f3a96bc0dc289f8b45d097eaad275887f163c6780b4108
#10 extracting sha256:32b550be6cb62359a0f3a96bc0dc289f8b45d097eaad275887f163c6780b4108 1.1s done
#10 extracting sha256:35af2a7690f2b43e7237d1fae8e3f2350dfb25f3249e9cf65121866f9c56c772
#10 extracting sha256:35af2a7690f2b43e7237d1fae8e3f2350dfb25f3249e9cf65121866f9c56c772 3.8s done
#10 extracting sha256:3b7f19923e1501f025b9459750b20f5df37af452482f75b91205f345d1c0e1b5 0.1s
#10 extracting sha256:3b7f19923e1501f025b9459750b20f5df37af452482f75b91205f345d1c0e1b5 4.9s done
#10 extracting sha256:afa154b433c7f72db064d19e1bcfa84ee196ad29120328f6bdb2c5fbd7b8eeac 0.1s
#10 extracting sha256:afa154b433c7f72db064d19e1bcfa84ee196ad29120328f6bdb2c5fbd7b8eeac 5.2s
#10 extracting sha256:afa154b433c7f72db064d19e1bcfa84ee196ad29120328f6bdb2c5fbd7b8eeac 6.0s done
#10 extracting sha256:1451027d3c0ee892b96310c034788bbe22b30b8ea2d075edbd09acfeaaaa439f
#10 extracting sha256:1451027d3c0ee892b96310c034788bbe22b30b8ea2d075edbd09acfeaaaa439f done
#10 extracting sha256:4f4fb700ef54461cfa02571ae0db9a0dc1e0cdb5577484a6d75e68dc38e8acc1 done
#10 DONE 84.1s

#11 [builder 2/6] WORKDIR /src
#11 DONE 0.2s

#12 [builder 3/6] COPY go.mod go.sum ./
#12 DONE 0.0s

#13 [builder 4/6] RUN --mount=type=cache,target=/go/pkg/mod     go mod download
#13 DONE 32.6s

#14 [builder 5/6] COPY . .
#14 DONE 16.1s

#15 [builder 6/6] RUN --mount=type=cache,target=/go/pkg/mod     CGO_ENABLED=0 GOOS=linux GOARCH=amd64     go build -trimpath -ldflags='-s -w' -tags ainetops_k8s       -o /out/sonic-provider ./cmd/sonic-provider
#15 46.90 # github.com/mairp/ainetops/cmd/sonic-provider
#15 46.90 cmd/sonic-provider/main.go:8:2: "fmt" imported and not used
#15 46.90 cmd/sonic-provider/main.go:58:3: unknown field MetricsBindAddress in struct literal of type manager.Options
#15 ERROR: process "/bin/sh -c CGO_ENABLED=0 GOOS=linux GOARCH=amd64     go build -trimpath -ldflags='-s -w' -tags ainetops_k8s       -o /out/sonic-provider ./cmd/sonic-provider" did not complete successfully: exit code: 1
------
 > [builder 6/6] RUN --mount=type=cache,target=/go/pkg/mod     CGO_ENABLED=0 GOOS=linux GOARCH=amd64     go build -trimpath -ldflags='-s -w' -tags ainetops_k8s       -o /out/sonic-provider ./cmd/sonic-provider:
46.90 # github.com/mairp/ainetops/cmd/sonic-provider
46.90 cmd/sonic-provider/main.go:8:2: "fmt" imported and not used
46.90 cmd/sonic-provider/main.go:58:3: unknown field MetricsBindAddress in struct literal of type manager.Options
------
Dockerfile:9
--------------------
   8 |     COPY . .
   9 | >>> RUN --mount=type=cache,target=/go/pkg/mod \
  10 | >>>     CGO_ENABLED=0 GOOS=linux GOARCH=amd64 \
  11 | >>>     go build -trimpath -ldflags='-s -w' -tags ainetops_k8s \
  12 | >>>       -o /out/sonic-provider ./cmd/sonic-provider
  13 |     
--------------------
ERROR: failed to solve: process "/bin/sh -c CGO_ENABLED=0 GOOS=linux GOARCH=amd64     go build -trimpath -ldflags='-s -w' -tags ainetops_k8s       -o /out/sonic-provider ./cmd/sonic-provider" did not complete successfully: exit code: 1
