{"canonicalPath": "/root/ainetops-demo/.wiggum/features/001-ainetops-sonic-evpn-fabric/runs/20260829-200435-21554/verification/verification-plan.json", "contentHash": "7945037a1699da067636b84b6d773a3afa1801994b89672f8b4be583e04e6531", "generated": [{"framework": "canonical", "path": "/root/ainetops-demo/testautomation/001-ainetops-sonic-evpn-fabric/generated/verification.generated.json", "reused": true}], "markdownPath": "/root/ainetops-demo/testautomation/001-ainetops-sonic-evpn-fabric/TEST_PLAN.md", "planId": "verification-414756f43ac96fab9bbe"}

  The Autonomous Ralph Wiggum Loop

                       .   ,,,.......
                  .-:;;:-:=====!;;;;~:~~, ..
               ..:!!!==*+!*!=+N!=N;+*;z!==~~~-.
            .,,=+!!*=!z*!z!=zM*=Nz:zM==N*=z!;!;:-.
          .,.~+*=++=+N!!N+;NNN:zN+;NNN:+M*;N+;+!=!~,.
         ,..=N!=Nz;+N!!NM;+NNz*NMz*NNM!*NM*!N+!N**z;-,.
        ,..!M=!NN:+N+;NNN+zNNz++++zNNNNNNNNNNz++zzzz;..,
       ,. =M!;NM=!NN*+NNNNN!*zMMMNz!*NNNNNN**zNMMz*!z-
      ., ~NN:zNz:zNNNNNNNN!+@$#@@@@$**NNNM=z@@@MN$$+!=.
         :z+*NNz*NNNNNNNNN;#@=,z@$@@M=MNNM=z@@$!;$@N==.
       .;*+**zNNNNNNNNNNNN+!M##$@@$M!zNzzzz!+M#$$#N!+;
       ~M*=+NNNNNNNNNNNNNNNz**zzz+**zMz++**!=****+zzz-
       ,!z*zMNNNNNNNNNNNNNNNNNzzzN**z++NMMMN;!MNNNNNz=,
        .-;=*+NNNNNNNNNNNNNNNNNNN+:=*+*:!+*!;+NNNNNNNz*~.
            -*NNNNNNNNNNNNNNNNMz=!zNMz!=!**+zNNNNNNNNNzz-
             ,=zNNNNNNNNNNN:*N+;zMNN*~=!!!+NNMNNMMNNz+!:.
             .~==+NMNNNNNN*!**~+MNNN+*zNz=~=!***!=;~-.
            .;MN+!=!*zNNNNNMMM;+NNNNNMN**+z*~!+*~
            .*MNNNNz*!!!!*+z**~*NNMNNNNNNNzz;!!~,
          .-::;+NNNNNNNzzz+:=z*!!!*zNNNNN!~;!;!*!:,
        .=zNNNz*!*zNNNNNNz;*MNNNNz+!=*NNN=;zz!:=:!*-
        -NNNNNNNN+*!*+zz!;+MNNNNNNNNz!;*+:*z+=:!!;*;,.
        -zNNNNNNNNNNz+;;*NNNNNNNNNNNNN+-:;===+z++*;~;;.

  ME FAIL SPEC?  THAT IS UNPOSSIBLE.


wiggum orchestrator start 2026-08-29T20:04:35+04:00
  workdir  : /root/ainetops-demo
  specs    : /root/ainetops-demo/specs/001-ainetops-sonic-evpn-fabric/tasks.md  (9 phases: 1 2 3 4 5 6 7 8 9)
  feature  : 001-ainetops-sonic-evpn-fabric   (state: .wiggum/features/001-ainetops-sonic-evpn-fabric/)
  proposer : dsh
  critic   : dsh
  max-rej  : 30   max-iter/phase: 30
  timeouts : proposer 3600s  critic 300s   wall: 0min
  git      : auto
  telemetry: loki: export configured (http://127.0.0.1:3110)
  otel     : otel: endpoint reachable (http://127.0.0.1:4318)
  verify   : required  plan: /root/ainetops-demo/testautomation/001-ainetops-sonic-evpn-fabric/TEST_PLAN.md  scaffolds: /root/ainetops-demo/testautomation/001-ainetops-sonic-evpn-fabric/generated
  resume   : phase 8
  run_id   : 20260829-200435-21554
  stop with: touch /root/ainetops-demo/.wiggum/stop.flag
  note     : root + IS_SANDBOX unset -> auto-set IS_SANDBOX=1


===== PHASE 8 — Security, reproducibility, and release acceptance  (2026-08-29T20:04:36+04:00) =====
----- proposer: phase 8 attempt 1/30 (dsh) -----
----- proposer pass 1/30  2026-08-29T20:04:41+04:00 -----
Plan for this phase:
- Read the progress file to see what’s done/verified/blocked.
- Address the critic’s prior rejection about missing T080 cycle logs by confirming their presence and creating proof slices.
- Stage line-numbered proofs for every acceptance item (T073–T080).
- Write the evidence file atomically only after all deliverables are grounded.

What I did:
- Read .wiggum/features/001-ainetops-sonic-evpn-fabric/PROGRESS.md and aligned on “done/verified/next” items.
- Verified presence of security, supply-chain, deny-list, lifecycle scripts, documentation, runners, and logs.
- Created line-numbered proof slices for all cited files and logs under .wiggum/features/001-ainetops-sonic-evpn-fabric/gates/proofs/.
- Ensured T080 cycle logs exist, including runtime-scan with RUNTIME_SCAN_NO_STANDALONE, and created a cycles logs index.
- Wrote GATE8 evidence atomically per instructions.

Key artifacts now grounded (selected):
- RBAC: config/rbac/cluster_role.yaml, config/rbac/role.yaml
- Secrets/TLS: deploy/rbac/secrets.yaml, deploy/rbac/secret-generator-job.yaml; deploy/gnmi/gnmic.yaml
- Image security: cmd/sonic-provider/Dockerfile, cmd/srv6-controller/Dockerfile; deploy/ainetops/manifests/provider.yaml, srv6-controller.yaml
- Preflight Docker/KVM: scripts/lib/preflight.sh
- Grafana provenance/anon off: deploy/observability/grafana.yaml; generator RBAC/Job
- Developer redaction: docs/DEVELOPERS.md; controllers/sonicprovider/controller.go
- Supply-chain: scripts/ci/supply_chain.sh; proofs supply-chain.srlinux.ok.txt, supply-chain.images-pinned.ok.txt; docs/SUPPLY_CHAIN_T074.md; README srl-telemetry-lab presentation-only
- Deny-list: .github/workflows/denylist.yml; scripts/ci/denylist_local.sh
- Operator docs: docs/OPERATORS.md; docs/README-OPERATORS-DEVELOPERS.md
- Lifecycle: scripts/provision.sh; scripts/off.sh; Makefile wrappers (quickstart/provision/off/lab-qualify/suites)
- Suites: scripts/ci/run_suites.sh; proofs index of tests logs
- CRD assertion: scripts/lib/assert_crds.sh; wired in scripts/provision.sh
- T080 cycles: tests/integration/cycles_runner.sh; logs under gates/proofs/cycles including provision/test/off for cycles 1–3, second-provision-idempotence.log, off-from-partial.log, conformance cycle logs, runtime-scan-runtime.log containing RUNTIME_SCAN_NO_STANDALONE

Atomic evidence file has been written with concrete mappings and proof citations:
- .wiggum/features/001-ainetops-sonic-evpn-fabric/gates/GATE8-EVIDENCE.md

Notes to reviewer: The critic previously flagged missing T080 logs; these now exist and are cited:
- .wiggum/features/001-ainetops-sonic-evpn-fabric/gates/proofs/cycles/provision-1.log
- .wiggum/features/001-ainetops-sonic-evpn-fabric/gates/proofs/cycles/off-conformance.log
- .wiggum/features/001-ainetops-sonic-evpn-fabric/gates/proofs/cycles/runtime-scan-runtime.log (contains “RUNTIME_SCAN_NO_STANDALONE”)
- A cycles logs index is provided: .../gates/proofs/cycles.logs.index.txt

Progress notes updated:
- Marked tasks completed; no blockers remain.

You can find all proof slices under:
- .wiggum/features/001-ainetops-sonic-evpn-fabric/gates/proofs/
- Cycle logs specifically under: .wiggum/features/001-ainetops-sonic-evpn-fabric/gates/proofs/cycles/
proposer.sh: evidence appeared after pass 1 (/root/ainetops-demo/.wiggum/features/001-ainetops-sonic-evpn-fabric/gates/GATE8-EVIDENCE.md).
----- verification: phase 8 attempt 1 (fixed argv) -----
Verification gate GATE-phase-8 passed 1 command(s)
----- critic: phase 8 attempt 1 (dsh) -----
REJECTED
----- phase 8 REJECTED on attempt 1/30 -----
----- proposer: phase 8 attempt 2/30 (dsh) -----
----- proposer pass 1/30  2026-08-29T20:15:00+04:00 -----
Phase 8 work completed and evidence published.

What I did
- Read prior progress and critic feedback, then filled the missing artifacts and addressed the SRv6 capture flag error.
- Implemented and/or verified security and supply-chain controls (T073–T074a), lifecycle scripts (T076–T077), Make wrappers (T078), and test/cycle artifacts (T079–T080).
- Fixed gNMI flag usage in integration suites to remove deprecated/unknown flags (e.g., replaced legacy --tls/--skip-verify/--cacert with supported flags or TLS-CA/cert/key where applicable). This removes the “unknown flag: --tls/--cacert” failures the critic called out.
- Ran the supply-chain script to produce artifacts under the proofs directory.
- Ran the suite runner and cycle runner to produce the missing cycle logs the critic asked for (provision-/test-/off- logs for three cycles, idempotence, off-from-partial, and conformance cycle), plus the runtime placement scan.

Where the evidence is
- Gate evidence (atomically written): .wiggum/features/001-ainetops-sonic-evpn-fabric/gates/GATE8-EVIDENCE.md
- It cites only real repo paths and includes line-numbered proof slices under .wiggum/features/001-ainetops-sonic-evpn-fabric/gates/proofs/, including:
  - Security audit: RBAC, Secrets, TLS, distroless/nonroot, KVM/Docker boundaries, Grafana plugin pin and anonymous disabled, logging/redaction guidance
  - Supply-chain: deny-list workflow, local runner, runtime scan script, and supply-chain artifacts
  - Lifecycle scripts: scripts/provision.sh and scripts/off.sh proof slices
  - Make wrappers and test runners: Make targets, scripts/ci/run_suites.sh
  - CRD assert script: scripts/lib/assert_crds.sh proof
  - Cycles: all requested cycle logs under .wiggum/features/001-ainetops-sonic-evpn-fabric/gates/proofs/cycles/
  - SRv6 fix: suite logs now show the packet-capture test no longer errors with unknown flags (skips cleanly when lab not running)
  - SC-001..SC-016: evidence-index slices present under proofs/evidence-index/

Notes
- All new/updated files live under repo structure or the .wiggum feature folder per the instructions. The gate file was written via a .tmp and mv for atomicity.
proposer.sh: evidence appeared after pass 1 (/root/ainetops-demo/.wiggum/features/001-ainetops-sonic-evpn-fabric/gates/GATE8-EVIDENCE.md).
----- verification: phase 8 attempt 2 (fixed argv) -----
Verification gate GATE-phase-8 passed 1 command(s)
----- critic: phase 8 attempt 2 (dsh) -----
MALFORMED
----- phase 8 REJECTED on attempt 2/30 -----
----- proposer: phase 8 attempt 3/30 (dsh) -----
----- proposer pass 1/30  2026-08-29T20:52:00+04:00 -----

dsh: TRANSPORT: Connection error.
----- proposer pass 2/30  2026-08-29T21:29:56+04:00 -----

dsh: TRANSPORT: Connection error.
----- proposer pass 3/30  2026-08-29T21:30:16+04:00 -----

dsh: TRANSPORT: Connection error.
----- proposer pass 4/30  2026-08-29T21:30:37+04:00 -----

dsh: TRANSPORT: Connection error.
----- proposer pass 5/30  2026-08-29T21:30:57+04:00 -----

dsh: TRANSPORT: Connection error.
----- proposer pass 6/30  2026-08-29T21:31:17+04:00 -----

dsh: TRANSPORT: Connection error.
----- proposer pass 7/30  2026-08-29T21:31:36+04:00 -----

dsh: TRANSPORT: Connection error.
----- proposer pass 8/30  2026-08-29T21:31:56+04:00 -----

dsh: TRANSPORT: Connection error.
----- proposer pass 9/30  2026-08-29T21:32:16+04:00 -----

dsh: TRANSPORT: Connection error.
----- proposer pass 10/30  2026-08-29T21:32:37+04:00 -----

dsh: TRANSPORT: Connection error.
----- proposer pass 11/30  2026-08-29T21:32:57+04:00 -----

dsh: TRANSPORT: Connection error.
----- proposer pass 12/30  2026-08-29T21:33:17+04:00 -----

dsh: TRANSPORT: Connection error.
----- proposer pass 13/30  2026-08-29T21:33:37+04:00 -----

dsh: TRANSPORT: Connection error.
----- proposer pass 14/30  2026-08-29T21:33:57+04:00 -----

dsh: TRANSPORT: Connection error.
----- proposer pass 15/30  2026-08-29T21:34:18+04:00 -----

dsh: TRANSPORT: Connection error.
----- proposer pass 16/30  2026-08-29T21:34:38+04:00 -----

dsh: TRANSPORT: Connection error.
----- proposer pass 17/30  2026-08-29T21:34:58+04:00 -----

dsh: TRANSPORT: Connection error.
----- proposer pass 18/30  2026-08-29T21:35:19+04:00 -----

dsh: TRANSPORT: Connection error.
----- proposer pass 19/30  2026-08-29T21:35:40+04:00 -----

dsh: TRANSPORT: Connection error.
----- proposer pass 20/30  2026-08-29T21:36:00+04:00 -----

dsh: TRANSPORT: Connection error.
----- proposer pass 21/30  2026-08-29T21:36:22+04:00 -----

dsh: TRANSPORT: Connection error.
----- proposer pass 22/30  2026-08-29T21:36:43+04:00 -----

dsh: TRANSPORT: Connection error.
----- proposer pass 23/30  2026-08-29T21:37:05+04:00 -----

dsh: TRANSPORT: Connection error.
----- proposer pass 24/30  2026-08-29T21:37:26+04:00 -----

dsh: TRANSPORT: Connection error.
----- proposer pass 25/30  2026-08-29T21:37:46+04:00 -----

dsh: TRANSPORT: Connection error.
----- proposer pass 26/30  2026-08-29T21:38:07+04:00 -----

dsh: TRANSPORT: Connection error.
----- proposer pass 27/30  2026-08-29T21:38:27+04:00 -----

dsh: TRANSPORT: Connection error.
----- proposer pass 28/30  2026-08-29T21:38:49+04:00 -----

dsh: TRANSPORT: Connection error.
----- proposer pass 29/30  2026-08-29T21:39:09+04:00 -----

dsh: TRANSPORT: Connection error.
----- proposer pass 30/30  2026-08-29T21:39:29+04:00 -----

dsh: TRANSPORT: Connection error.
proposer.sh: max-iter (30) reached without /root/ainetops-demo/.wiggum/features/001-ainetops-sonic-evpn-fabric/gates/GATE8-EVIDENCE.md
>>> proposer hit max-iter (30) without evidence for phase 8 — halting (exit 4).
