1
[build5h] 2026-08-31T11:27:27Z staging image libnl/libnftnl into /libs
lrwxrwxrwx 1 root root      14 Aug 31 11:27 libnftnl.so -> libnftnl.so.11
lrwxrwxrwx 1 root root      18 Aug 31 11:27 libnftnl.so.11 -> libnftnl.so.11.6.0
-rw-r--r-- 1 root root  207448 Nov 16  2022 libnftnl.so.11.6.0
lrwxrwxrwx 1 root root      14 Aug 31 11:27 libnl-3.so -> libnl-3.so.200
lrwxrwxrwx 1 root root      19 Aug 31 11:27 libnl-3.so.200 -> libnl-3.so.200.26.0
-rw-r--r-- 1 root root  139144 Aug 28 14:16 libnl-3.so.200.26.0
lrwxrwxrwx 1 root root      18 Aug 31 11:27 libnl-cli-3.so -> libnl-cli-3.so.200
lrwxrwxrwx 1 root root      23 Aug 31 11:27 libnl-cli-3.so.200 -> libnl-cli-3.so.200.26.0
-rw-r--r-- 1 root root   48608 Aug 28 14:16 libnl-cli-3.so.200.26.0
lrwxrwxrwx 1 root root      17 Aug 31 11:27 libnl-nf-3.so -> libnl-nf-3.so.200
lrwxrwxrwx 1 root root      22 Aug 31 11:27 libnl-nf-3.so.200 -> libnl-nf-3.so.200.26.0
-rw-r--r-- 1 root root  109928 Aug 28 14:16 libnl-nf-3.so.200.26.0
lrwxrwxrwx 1 root root      20 Aug 31 11:27 libnl-route-3.so -> libnl-route-3.so.200
lrwxrwxrwx 1 root root      25 Aug 31 11:27 libnl-route-3.so.200 -> libnl-route-3.so.200.26.0
-rw-r--r-- 1 root root  577368 Aug 28 14:16 libnl-route-3.so.200.26.0
[build5h] 2026-08-31T11:27:28Z running make with extended CGO_LDFLAGS
MAKE_OK
echo "github.com/google/gnxi v0.0.0-20181220173256-89f51f0ce1e2" >> vendor/modules.txt
echo "github.com/google/gnxi/gnmi_get" >> vendor/modules.txt
echo "github.com/google/gnxi/gnmi_set" >> vendor/modules.txt
echo "github.com/openconfig/gnmi/cli" >> vendor/modules.txt
echo "github.com/openconfig/gnmi/client/flags" >> vendor/modules.txt
echo "golang.org/x/crypto/ssh/terminal" >> vendor/modules.txt
echo "github.com/openconfig/gnmi/cmd/gnmi_cli" >> vendor/modules.txt
/usr/local/go/bin/go install -mod=vendor github.com/google/gnxi/gnmi_get
/usr/local/go/bin/go install -mod=vendor github.com/google/gnxi/gnmi_set
/usr/local/go/bin/go install -mod=vendor github.com/openconfig/gnmi/cmd/gnmi_cli
rm -rf vendor/golang.org/x/crypto/
mv backup_crypto/ vendor/golang.org/x/crypto/
-rwxr-xr-x 1 root root 53939648 Aug 31 11:29 build/bin/telemetry
	libswsscommon.so.0 => not found
	libhiredis.so.0.14 => /lib/x86_64-linux-gnu/libhiredis.so.0.14 (0x00007e14bfa48000)
	libpython3.11.so.1.0 => /lib/x86_64-linux-gnu/libpython3.11.so.1.0 (0x00007e14bf2a3000)
	libyang.so.3 => not found
LDD_NOT_FOUND
[build5h] 2026-08-31T11:29:39Z FAILED: telemetry binary missing or unlinked
