[clab] destroying /root/ainetops-demo/lab/topology.clab.yml
09:41:30 INFO Parsing & checking topology file=topology.clab.yml
09:41:31 INFO Parsing & checking topology file=topology.clab.yml
09:41:31 WARN iptables check error: exit status 1. Output: ip6tables: No chain/target/match by that name.

09:41:31 WARN iptables check error: exit status 1. Output: ip6tables: No chain/target/match by that name.

09:41:31 INFO Destroying lab name=ainetops-fabric
09:41:31 INFO Removed container name=clab-ainetops-fabric-srv6-client02
09:41:31 INFO Removed container name=clab-ainetops-fabric-client02
09:41:31 INFO Removed container name=clab-ainetops-fabric-srv6-client01
09:41:31 INFO Removed container name=clab-ainetops-fabric-client01
09:41:31 INFO Removed container name=clab-ainetops-fabric-spine01
09:41:31 INFO Removed container name=clab-ainetops-fabric-leaf01
09:41:32 INFO Removed container name=clab-ainetops-fabric-spine02
09:41:32 INFO Removed container name=clab-ainetops-fabric-leaf02
09:41:32 INFO Removing host entries path=/etc/hosts
09:41:32 INFO Removing SSH config path=/etc/ssh/ssh_config.d/clab-ainetops-fabric.conf
[clab] destroy complete
[kind] deleting cluster 'ainetops'
Deleting cluster "ainetops" ...
Deleted nodes: ["ainetops-worker" "ainetops-control-plane"]
[off] Teardown complete (idempotent).
