[clab] destroying /root/ainetops-demo/lab/topology.clab.yml
07:41:22 INFO Parsing & checking topology file=topology.clab.yml
07:41:23 INFO Parsing & checking topology file=topology.clab.yml
07:41:23 WARN iptables check error: exit status 1. Output: ip6tables: No chain/target/match by that name.

07:41:23 WARN iptables check error: exit status 1. Output: ip6tables: No chain/target/match by that name.

07:41:23 INFO Destroying lab name=ainetops-fabric
07:41:24 INFO Removed container name=clab-ainetops-fabric-client01
07:41:24 INFO Removed container name=clab-ainetops-fabric-client02
07:41:24 INFO Removed container name=clab-ainetops-fabric-srv6-client01
07:41:24 INFO Removed container name=clab-ainetops-fabric-srv6-client02
07:41:24 INFO Removed container name=clab-ainetops-fabric-leaf01
07:41:24 INFO Removed container name=clab-ainetops-fabric-leaf02
07:41:25 INFO Removed container name=clab-ainetops-fabric-spine01
07:41:25 INFO Removed container name=clab-ainetops-fabric-spine02
07:41:25 INFO Removing host entries path=/etc/hosts
07:41:25 INFO Removing SSH config path=/etc/ssh/ssh_config.d/clab-ainetops-fabric.conf
[clab] destroy complete
[kind] deleting cluster 'ainetops'
Deleting cluster "ainetops" ...
Deleted nodes: ["ainetops-worker" "ainetops-control-plane"]
[off] Teardown complete (idempotent).
