[clab] destroying /root/ainetops-demo/lab/topology.clab.yml
07:02:48 INFO Parsing & checking topology file=topology.clab.yml
07:02:48 INFO Parsing & checking topology file=topology.clab.yml
07:02:49 WARN iptables check error: exit status 1. Output: ip6tables: No chain/target/match by that name.

07:02:49 WARN iptables check error: exit status 1. Output: ip6tables: No chain/target/match by that name.

07:02:49 INFO Destroying lab name=ainetops-fabric
07:02:49 INFO Removed container name=clab-ainetops-fabric-client01
07:02:49 INFO Removed container name=clab-ainetops-fabric-srv6-client02
07:02:49 INFO Removed container name=clab-ainetops-fabric-client02
07:02:50 INFO Removed container name=clab-ainetops-fabric-spine02
07:02:50 INFO Removed container name=clab-ainetops-fabric-srv6-client01
07:02:50 INFO Removed container name=clab-ainetops-fabric-spine01
07:02:50 INFO Removed container name=clab-ainetops-fabric-leaf01
07:02:50 INFO Removed container name=clab-ainetops-fabric-leaf02
07:02:50 INFO Removing host entries path=/etc/hosts
07:02:50 INFO Removing SSH config path=/etc/ssh/ssh_config.d/clab-ainetops-fabric.conf
[clab] destroy complete
[kind] deleting cluster 'ainetops'
Deleting cluster "ainetops" ...
Deleted nodes: ["ainetops-control-plane" "ainetops-worker"]
[off] Teardown complete (idempotent).
