[clab] destroying /root/ainetops-demo/lab/topology.clab.yml
06:32:10 INFO Parsing & checking topology file=topology.clab.yml
06:32:10 INFO Parsing & checking topology file=topology.clab.yml
06:32:10 WARN iptables check error: exit status 1. Output: ip6tables: No chain/target/match by that name.

06:32:10 WARN iptables check error: exit status 1. Output: ip6tables: No chain/target/match by that name.

06:32:10 INFO Destroying lab name=ainetops-fabric
06:32:11 INFO Removed container name=clab-ainetops-fabric-srv6-client02
06:32:11 INFO Removed container name=clab-ainetops-fabric-client02
06:32:11 INFO Removed container name=clab-ainetops-fabric-client01
06:32:11 INFO Removed container name=clab-ainetops-fabric-srv6-client01
06:32:11 INFO Removed container name=clab-ainetops-fabric-leaf02
06:32:11 INFO Removed container name=clab-ainetops-fabric-leaf01
06:32:11 INFO Removed container name=clab-ainetops-fabric-spine01
06:32:11 INFO Removed container name=clab-ainetops-fabric-spine02
06:32:11 INFO Removing host entries path=/etc/hosts
06:32:11 INFO Removing SSH config path=/etc/ssh/ssh_config.d/clab-ainetops-fabric.conf
[clab] destroy complete
[kind] deleting cluster 'ainetops'
Deleting cluster "ainetops" ...
Deleted nodes: ["ainetops-worker" "ainetops-control-plane"]
[off] Teardown complete (idempotent).
