=== AINETOPS live gNMI probe of pinned image localhost:5000/sonic-vs-gnmi:202605@sha256:c04b9edd... ===
host: mairp  time: 2026-08-31T15:24:27Z
template parsing error: template: :1:8: executing "" at <.RepoDigests>: map has no entry for key "RepoDigests"
container: ainetops-smoke-sonic (image: localhost:5000/sonic-vs-gnmi:202605, repo digest: )
telemetry cmdline: /usr/sbin/telemetry -logtostderr --gnmi_translib_write --insecure --port 8080 --allow_no_client_auth -v=2 

--- gnmic capabilities (TLS self-signed, skip-verify, JSON_IETF) ---
gNMI version: 0.7.0
supported models:
  - openconfig-acl, OpenConfig working group, 1.0.2
  - openconfig-lldp, OpenConfig working group, 1.0.2
  - openconfig-platform, OpenConfig working group, 1.0.2
  - openconfig-system, OpenConfig working group, 1.0.2
  - ietf-yang-library, IETF NETCONF (Network Configuration) Working Group, 2016-06-21
  - sonic-db, SONiC, 0.1.0
supported encodings:
  - JSON
  - JSON_IETF
  - PROTO

CAPABILITIES_RC=0

--- gnmic get /openconfig-interfaces:interfaces ---
target "172.17.0.5:8080" Get request failed: "172.17.0.5:8080" GetRequest failed: rpc error: code = NotFound desc = No entry found in xYangSpecMap for URI - /openconfig-interfaces:interfaces
Error: one or more requests failed
GET_OC_IF_RC=1

--- gnmic get /sonic-srv6:sonic-srv6/SRV6_GLOBAL/SRV6_GLOBAL_LIST[name=default] ---
target "172.17.0.5:8080" Get request failed: "172.17.0.5:8080" GetRequest failed: rpc error: code = NotFound desc = Node sonic-srv6:sonic-srv6 not found in the given gnmi path elem:{name:"sonic-srv6:sonic-srv6"}  elem:{name:"SRV6_GLOBAL"}  elem:{name:"SRV6_GLOBAL_LIST"  key:{key:"name"  value:"default"}}: 
Error: one or more requests failed
GET_SRV6_RC=1
