Error in configuration: context was not found for specified context: kind-ainetops
Error in configuration: context was not found for specified context: kind-ainetops
[off] WARN: containerlab helper not found; skipping lab teardown
[off] Teardown complete (idempotent).
Error in configuration: context was not found for specified context: kind-ainetops
Error in configuration: context was not found for specified context: kind-ainetops
[off] WARN: containerlab helper not found; skipping lab teardown
[off] Teardown complete (idempotent).
Error in configuration: context was not found for specified context: kind-ainetops
Error in configuration: context was not found for specified context: kind-ainetops
[off] WARN: containerlab helper not found; skipping lab teardown
[off] Teardown complete (idempotent).
Error in configuration: context was not found for specified context: kind-ainetops
Error in configuration: context was not found for specified context: kind-ainetops
[off] WARN: containerlab helper not found; skipping lab teardown
[off] Teardown complete (idempotent).
Error in configuration: context was not found for specified context: kind-ainetops
Error in configuration: context was not found for specified context: kind-ainetops
[off] WARN: containerlab helper not found; skipping lab teardown
[off] Teardown complete (idempotent).
Error in configuration: context was not found for specified context: kind-ainetops
Error in configuration: context was not found for specified context: kind-ainetops
[off] WARN: containerlab helper not found; skipping lab teardown
[off] Teardown complete (idempotent).
[clab] destroying /root/ainetops-demo/lab/topology.clab.yml
22:17:17 INFO Parsing & checking topology file=topology.clab.yml
22:17:17 INFO no containerlab containers found
[clab] destroy complete
[kind] deleting cluster 'ainetops'
Deleting cluster "ainetops" ...
Deleted nodes: ["ainetops-control-plane" "ainetops-worker"]
[off] Teardown complete (idempotent).
Error in configuration: context was not found for specified context: kind-ainetops
Error in configuration: context was not found for specified context: kind-ainetops
[clab] destroying /root/ainetops-demo/lab/topology.clab.yml
13:28:43 INFO Parsing & checking topology file=topology.clab.yml
13:28:43 INFO no containerlab containers found
[clab] destroy complete
[kind] cluster 'ainetops' not present (idempotent)
[off] Teardown complete (idempotent).
Error in configuration: context was not found for specified context: kind-ainetops
Error in configuration: context was not found for specified context: kind-ainetops
[clab] destroying /root/ainetops-demo/lab/topology.clab.yml
14:27:15 INFO Parsing & checking topology file=topology.clab.yml
14:27:15 INFO no containerlab containers found
[clab] destroy complete
[kind] cluster 'ainetops' not present (idempotent)
[off] Teardown complete (idempotent).
Error in configuration: context was not found for specified context: kind-ainetops
Error in configuration: context was not found for specified context: kind-ainetops
[clab] destroying /root/ainetops-demo/lab/topology.clab.yml
10:28:45 INFO Parsing & checking topology file=topology.clab.yml
10:28:45 INFO no containerlab containers found
[clab] destroy complete
[kind] cluster 'ainetops' not present (idempotent)
[off] Teardown complete (idempotent).
Error in configuration: context was not found for specified context: kind-ainetops
Error in configuration: context was not found for specified context: kind-ainetops
[clab] destroying /root/ainetops-demo/lab/topology.clab.yml
12:20:51 INFO Parsing & checking topology file=topology.clab.yml
12:20:51 INFO no containerlab containers found
[clab] destroy complete
[kind] cluster 'ainetops' not present (idempotent)
[off] Teardown complete (idempotent).
