Error in configuration: context was not found for specified context: kind-ainetops
Error in configuration: context was not found for specified context: kind-ainetops
[off] WARN: containerlab helper not found; skipping lab teardown
[off] Teardown complete (idempotent).
Error in configuration: context was not found for specified context: kind-ainetops
Error in configuration: context was not found for specified context: kind-ainetops
[off] WARN: containerlab helper not found; skipping lab teardown
[off] Teardown complete (idempotent).
Error in configuration: context was not found for specified context: kind-ainetops
Error in configuration: context was not found for specified context: kind-ainetops
[off] WARN: containerlab helper not found; skipping lab teardown
[off] Teardown complete (idempotent).
Error in configuration: context was not found for specified context: kind-ainetops
Error in configuration: context was not found for specified context: kind-ainetops
[off] WARN: containerlab helper not found; skipping lab teardown
[off] Teardown complete (idempotent).
Error in configuration: context was not found for specified context: kind-ainetops
Error in configuration: context was not found for specified context: kind-ainetops
[off] WARN: containerlab helper not found; skipping lab teardown
[off] Teardown complete (idempotent).
Error in configuration: context was not found for specified context: kind-ainetops
Error in configuration: context was not found for specified context: kind-ainetops
[off] WARN: containerlab helper not found; skipping lab teardown
[off] Teardown complete (idempotent).
[clab] destroying /root/ainetops-demo/lab/topology.clab.yml
22:17:16 INFO Parsing & checking topology file=topology.clab.yml
22:17:16 INFO Parsing & checking topology file=topology.clab.yml
22:17:16 WARN iptables check error: exit status 1. Output: ip6tables: No chain/target/match by that name.

22:17:16 WARN iptables check error: exit status 1. Output: ip6tables: No chain/target/match by that name.

22:17:16 INFO Destroying lab name=ainetops-fabric
22:17:16 INFO Removed container name=clab-ainetops-fabric-client02
22:17:16 INFO Removed container name=clab-ainetops-fabric-client01
22:17:16 INFO Removed container name=clab-ainetops-fabric-srv6-client01
22:17:16 INFO Removed container name=clab-ainetops-fabric-spine01
22:17:16 INFO Removed container name=clab-ainetops-fabric-leaf01
22:17:16 INFO Removed container name=clab-ainetops-fabric-srv6-client02
22:17:17 INFO Removed container name=clab-ainetops-fabric-leaf02
22:17:17 INFO Removed container name=clab-ainetops-fabric-spine02
22:17:17 INFO Removing host entries path=/etc/hosts
22:17:17 INFO Removing SSH config path=/etc/ssh/ssh_config.d/clab-ainetops-fabric.conf
[clab] destroy complete
[off] Teardown complete (idempotent).
Error in configuration: context was not found for specified context: kind-ainetops
Error in configuration: context was not found for specified context: kind-ainetops
[clab] destroying /root/ainetops-demo/lab/topology.clab.yml
13:28:42 INFO Parsing & checking topology file=topology.clab.yml
13:28:42 INFO no containerlab containers found
[clab] destroy complete
[off] Teardown complete (idempotent).
Error in configuration: context was not found for specified context: kind-ainetops
Error in configuration: context was not found for specified context: kind-ainetops
[clab] destroying /root/ainetops-demo/lab/topology.clab.yml
14:27:15 INFO Parsing & checking topology file=topology.clab.yml
14:27:15 INFO no containerlab containers found
[clab] destroy complete
[off] Teardown complete (idempotent).
Error in configuration: context was not found for specified context: kind-ainetops
Error in configuration: context was not found for specified context: kind-ainetops
[clab] destroying /root/ainetops-demo/lab/topology.clab.yml
10:28:44 INFO Parsing & checking topology file=topology.clab.yml
10:28:44 INFO no containerlab containers found
[clab] destroy complete
[off] Teardown complete (idempotent).
Error in configuration: context was not found for specified context: kind-ainetops
Error in configuration: context was not found for specified context: kind-ainetops
[clab] destroying /root/ainetops-demo/lab/topology.clab.yml
12:20:49 INFO Parsing & checking topology file=topology.clab.yml
12:20:49 INFO no containerlab containers found
[clab] destroy complete
[off] Teardown complete (idempotent).
