Error in configuration: context was not found for specified context: kind-ainetops
Error in configuration: context was not found for specified context: kind-ainetops
[off] WARN: containerlab helper not found; skipping lab teardown
[off] Teardown complete (idempotent).
Error in configuration: context was not found for specified context: kind-ainetops
Error in configuration: context was not found for specified context: kind-ainetops
[off] WARN: containerlab helper not found; skipping lab teardown
[off] Teardown complete (idempotent).
Error in configuration: context was not found for specified context: kind-ainetops
Error in configuration: context was not found for specified context: kind-ainetops
[off] WARN: containerlab helper not found; skipping lab teardown
[off] Teardown complete (idempotent).
Error in configuration: context was not found for specified context: kind-ainetops
Error in configuration: context was not found for specified context: kind-ainetops
[off] WARN: containerlab helper not found; skipping lab teardown
[off] Teardown complete (idempotent).
Error in configuration: context was not found for specified context: kind-ainetops
Error in configuration: context was not found for specified context: kind-ainetops
[off] WARN: containerlab helper not found; skipping lab teardown
[off] Teardown complete (idempotent).
Error in configuration: context was not found for specified context: kind-ainetops
Error in configuration: context was not found for specified context: kind-ainetops
[off] WARN: containerlab helper not found; skipping lab teardown
[off] Teardown complete (idempotent).
[clab] destroying /root/ainetops-demo/lab/topology.clab.yml
22:17:17 INFO Parsing & checking topology file=topology.clab.yml
22:17:17 INFO no containerlab containers found
[clab] destroy complete
[off] Teardown complete (idempotent).
Error in configuration: context was not found for specified context: kind-ainetops
Error in configuration: context was not found for specified context: kind-ainetops
[clab] destroying /root/ainetops-demo/lab/topology.clab.yml
13:28:42 INFO Parsing & checking topology file=topology.clab.yml
13:28:42 INFO no containerlab containers found
[clab] destroy complete
[off] Teardown complete (idempotent).
Error in configuration: context was not found for specified context: kind-ainetops
Error in configuration: context was not found for specified context: kind-ainetops
[clab] destroying /root/ainetops-demo/lab/topology.clab.yml
14:27:15 INFO Parsing & checking topology file=topology.clab.yml
14:27:15 INFO no containerlab containers found
[clab] destroy complete
[off] Teardown complete (idempotent).
Error in configuration: context was not found for specified context: kind-ainetops
Error in configuration: context was not found for specified context: kind-ainetops
[clab] destroying /root/ainetops-demo/lab/topology.clab.yml
10:28:45 INFO Parsing & checking topology file=topology.clab.yml
10:28:45 INFO no containerlab containers found
[clab] destroy complete
[off] Teardown complete (idempotent).
Error in configuration: context was not found for specified context: kind-ainetops
Error in configuration: context was not found for specified context: kind-ainetops
[clab] destroying /root/ainetops-demo/lab/topology.clab.yml
12:20:50 INFO Parsing & checking topology file=topology.clab.yml
12:20:50 INFO no containerlab containers found
[clab] destroy complete
[off] Teardown complete (idempotent).
