[clab] destroying /root/ainetops-demo/lab/topology.clab.yml
02:31:07 INFO Parsing & checking topology file=topology.clab.yml
02:31:08 INFO Parsing & checking topology file=topology.clab.yml
02:31:08 WARN iptables check error: exit status 1. Output: ip6tables: No chain/target/match by that name.

02:31:08 WARN iptables check error: exit status 1. Output: ip6tables: No chain/target/match by that name.

02:31:08 INFO Destroying lab name=ainetops-fabric
02:31:08 INFO Removed container name=clab-ainetops-fabric-client02
02:31:08 INFO Removed container name=clab-ainetops-fabric-srv6-client01
02:31:08 INFO Removed container name=clab-ainetops-fabric-srv6-client02
02:31:08 INFO Removed container name=clab-ainetops-fabric-client01
02:31:08 INFO Removed container name=clab-ainetops-fabric-leaf02
02:31:08 INFO Removed container name=clab-ainetops-fabric-spine02
02:31:08 INFO Removed container name=clab-ainetops-fabric-spine01
02:31:09 INFO Removed container name=clab-ainetops-fabric-leaf01
02:31:09 INFO Removing host entries path=/etc/hosts
02:31:09 INFO Removing SSH config path=/etc/ssh/ssh_config.d/clab-ainetops-fabric.conf
[clab] destroy complete
[kind] deleting cluster 'ainetops'
Deleting cluster "ainetops" ...
Deleted nodes: ["ainetops-control-plane" "ainetops-worker"]
[off] Teardown complete (idempotent).
