[clab] destroying /root/ainetops-demo/lab/topology.clab.yml
11:57:49 INFO Parsing & checking topology file=topology.clab.yml
11:57:49 INFO Parsing & checking topology file=topology.clab.yml
11:57:49 WARN iptables check error: exit status 1. Output: ip6tables: No chain/target/match by that name.

11:57:49 WARN iptables check error: exit status 1. Output: ip6tables: No chain/target/match by that name.

11:57:49 INFO Destroying lab name=ainetops-fabric
11:57:50 INFO Removed container name=clab-ainetops-fabric-srv6-client01
11:57:50 INFO Removed container name=clab-ainetops-fabric-client01
11:57:50 INFO Removed container name=clab-ainetops-fabric-client02
11:57:50 INFO Removed container name=clab-ainetops-fabric-srv6-client02
11:57:50 INFO Removed container name=clab-ainetops-fabric-leaf01
11:57:51 INFO Removed container name=clab-ainetops-fabric-leaf02
11:57:51 INFO Removed container name=clab-ainetops-fabric-spine01
11:57:51 INFO Removed container name=clab-ainetops-fabric-spine02
11:57:51 INFO Removing host entries path=/etc/hosts
11:57:51 INFO Removing SSH config path=/etc/ssh/ssh_config.d/clab-ainetops-fabric.conf
[clab] destroy complete
[kind] deleting cluster 'ainetops'
Deleting cluster "ainetops" ...
Deleted nodes: ["ainetops-control-plane" "ainetops-worker"]
[off] Teardown complete (idempotent).
