[clab] destroying /root/ainetops-demo/lab/topology.clab.yml
00:53:24 INFO Parsing & checking topology file=topology.clab.yml
00:53:24 INFO Parsing & checking topology file=topology.clab.yml
00:53:25 WARN iptables check error: exit status 1. Output: ip6tables: No chain/target/match by that name.

00:53:25 WARN iptables check error: exit status 1. Output: ip6tables: No chain/target/match by that name.

00:53:25 INFO Destroying lab name=ainetops-fabric
00:53:25 INFO Removed container name=clab-ainetops-fabric-client02
00:53:25 INFO Removed container name=clab-ainetops-fabric-srv6-client02
00:53:25 INFO Removed container name=clab-ainetops-fabric-client01
00:53:25 INFO Removed container name=clab-ainetops-fabric-srv6-client01
00:53:26 INFO Removed container name=clab-ainetops-fabric-spine02
00:53:26 INFO Removed container name=clab-ainetops-fabric-leaf02
00:53:26 INFO Removed container name=clab-ainetops-fabric-spine01
00:53:26 INFO Removed container name=clab-ainetops-fabric-leaf01
00:53:26 INFO Removing host entries path=/etc/hosts
00:53:26 INFO Removing SSH config path=/etc/ssh/ssh_config.d/clab-ainetops-fabric.conf
[clab] destroy complete
[kind] deleting cluster 'ainetops'
Deleting cluster "ainetops" ...
Deleted nodes: ["ainetops-worker" "ainetops-control-plane"]
[off] Teardown complete (idempotent).
