[preflight] basic host checks passed
make: Entering directory '/root/ainetops-demo'
[verify-pins] validating versions.lock.yaml
[verify-pins] versions.lock.yaml pins and compatibility are consistent
[validate-crds] server-side validating CRDs and examples
[validate-crds] server-side dry-run: Kubenet CRDs (1 files)
customresourcedefinition.apiextensions.k8s.io/networkconfigs.network.kubenet.dev unchanged (server dry run)
customresourcedefinition.apiextensions.k8s.io/networkdevices.network.kubenet.dev unchanged (server dry run)
customresourcedefinition.apiextensions.k8s.io/topologies.network.kubenet.dev unchanged (server dry run)
customresourcedefinition.apiextensions.k8s.io/networks.network.kubenet.dev unchanged (server dry run)
[validate-crds] server-side dry-run: KUID CRDs (1 files)
customresourcedefinition.apiextensions.k8s.io/ipindices.id.kuid.dev unchanged (server dry run)
customresourcedefinition.apiextensions.k8s.io/asnindices.id.kuid.dev unchanged (server dry run)
customresourcedefinition.apiextensions.k8s.io/vniindices.id.kuid.dev unchanged (server dry run)
customresourcedefinition.apiextensions.k8s.io/claims.id.kuid.dev unchanged (server dry run)
[validate-crds] server-side dry-run: SDC CRDs (1 files)
customresourcedefinition.apiextensions.k8s.io/schemas.sdc.sdcio.dev unchanged (server dry run)
customresourcedefinition.apiextensions.k8s.io/configs.sdc.sdcio.dev unchanged (server dry run)
customresourcedefinition.apiextensions.k8s.io/targets.sdc.sdcio.dev unchanged (server dry run)
customresourcedefinition.apiextensions.k8s.io/discoveryrules.sdc.sdcio.dev unchanged (server dry run)
[validate-crds] server-side dry-run: Kubenet examples (1 files)
topology.network.kubenet.dev/ainetops-topology unchanged (server dry run)
[validate-crds] OK
[verify-register] checking renderer paths against register
=== RUN   TestRendererPathsCoveredByRegister
--- PASS: TestRendererPathsCoveredByRegister (0.00s)
PASS
ok  	github.com/mairp/ainetops/tests/unit	(cached)
[verify-compat] pins, CRD, and register validations passed
make: Leaving directory '/root/ainetops-demo'
[kind] cluster 'ainetops' already exists (idempotent)
[kind] ainetops-worker already attached to ainetops-mgmt (idempotent)
[kind] ainetops-control-plane already attached to ainetops-mgmt (idempotent)
[clab] ensuring external Docker network ainetops-mgmt exists (subnet-correct)
[clab] deploying /root/ainetops-demo/lab/topology.clab.yml
00:13:18 INFO Containerlab started version=0.79.0
00:13:18 INFO Parsing & checking topology file=topology.clab.yml
00:13:18 INFO Destroying lab name=ainetops-fabric
00:13:19 INFO Removed container name=clab-ainetops-fabric-client01
00:13:19 INFO Removed container name=clab-ainetops-fabric-srv6-client02
00:13:19 INFO Removed container name=clab-ainetops-fabric-srv6-client01
00:13:19 INFO Removed container name=clab-ainetops-fabric-client02
00:13:19 INFO Removed container name=clab-ainetops-fabric-spine01
00:13:19 INFO Removed container name=clab-ainetops-fabric-spine02
00:13:20 INFO Removed container name=clab-ainetops-fabric-leaf01
00:13:20 INFO Removed container name=clab-ainetops-fabric-leaf02
00:13:20 INFO Removing host entries path=/etc/hosts
00:13:20 INFO Removing SSH config path=/etc/ssh/ssh_config.d/clab-ainetops-fabric.conf
00:13:20 INFO Removing directory path=/root/ainetops-demo/lab/clab-ainetops-fabric
00:13:20 WARN iptables check error: exit status 1. Output: ip6tables: No chain/target/match by that name.

00:13:20 WARN iptables check error: exit status 1. Output: ip6tables: No chain/target/match by that name.

00:13:20 INFO Creating lab directory path=/root/ainetops-demo/lab/clab-ainetops-fabric
00:13:20 INFO Creating container name=client01
00:13:20 INFO Creating container name=client02
00:13:20 INFO Creating container name=spine02
00:13:20 INFO Creating container name=leaf02
00:13:20 INFO Creating container name=srv6-client01
00:13:20 INFO Creating container name=srv6-client02
00:13:20 INFO Creating container name=leaf01
00:13:20 INFO Creating container name=spine01
00:13:21 INFO Created link: spine01:eth1 ▪┄┄▪ leaf01:eth1
00:13:21 INFO Created link: spine02:eth1 ▪┄┄▪ leaf01:eth2
00:13:21 INFO Created link: leaf01:eth3 ▪┄┄▪ client01:eth1
00:13:21 INFO Created link: spine01:eth2 ▪┄┄▪ leaf02:eth1
00:13:21 INFO Created link: leaf01:eth4 ▪┄┄▪ srv6-client01:eth1
00:13:21 INFO Created link: spine02:eth2 ▪┄┄▪ leaf02:eth2
00:13:21 INFO Created link: leaf02:eth3 ▪┄┄▪ client02:eth1
00:13:21 INFO Created link: leaf02:eth4 ▪┄┄▪ srv6-client02:eth1
00:13:21 INFO Executed command node=client01 command="ip link set dev eth1 up" stdout=""
00:13:21 INFO Executed command node=srv6-client02 command="ip link set dev eth1 up" stdout=""
00:13:21 INFO Executed command node=client01 command="ip addr add 192.0.2.11/31 dev eth1" stdout=""
00:13:21 INFO Executed command node=srv6-client02 command="ip addr add 192.0.2.41/31 dev eth1" stdout=""
00:13:21 INFO Executed command node=client02 command="ip link set dev eth1 up" stdout=""
00:13:21 INFO Executed command node=srv6-client02 command="ip -6 addr add 2001:db8:4::41/127 dev eth1" stdout=""
00:13:21 INFO Executed command node=srv6-client01 command="ip link set dev eth1 up" stdout=""
00:13:21 INFO Executed command node=client01 command="ip -6 addr add 2001:db8:1::11/127 dev eth1" stdout=""
00:13:21 INFO Executed command node=client02 command="ip addr add 192.0.2.21/31 dev eth1" stdout=""
00:13:21 INFO Executed command node=srv6-client01 command="ip addr add 192.0.2.31/31 dev eth1" stdout=""
00:13:21 INFO Executed command node=client02 command="ip -6 addr add 2001:db8:2::21/127 dev eth1" stdout=""
00:13:21 INFO Executed command node=srv6-client01 command="ip -6 addr add 2001:db8:3::31/127 dev eth1" stdout=""
00:13:21 INFO Adding host entries path=/etc/hosts
00:13:21 INFO Adding SSH config for nodes path=/etc/ssh/ssh_config.d/clab-ainetops-fabric.conf
[1m╭[0m[1m────────────────────────────────────[0m[1m┬[0m[1m────────────────────────────────────────────────────────────────────────────────────────────────────────────────[0m[1m┬[0m[1m─────────[0m[1m┬[0m[1m────────────────[0m[1m╮[0m
[1m│[0m[1m                Name                [0m[1m│[0m[1m                                                   Kind/Image                                                   [0m[1m│[0m[1m  State  [0m[1m│[0m[1m IPv4/6 Address [0m[1m│[0m
[1m├[0m[1m────────────────────────────────────[0m[1m┼[0m[1m────────────────────────────────────────────────────────────────────────────────────────────────────────────────[0m[1m┼[0m[1m─────────[0m[1m┼[0m[1m────────────────[0m[1m┤[0m
│ clab-ainetops-fabric-client01      │ linux                                                                                                          │ running │ 172.31.0.101   │
│                                    │ localhost:5000/linux-net:202605@sha256:c1df8a372168f5b7d3c2c50265fa99d5eb5b6deacdbb31b327a52376a74c6d7f        │         │ N/A            │
├────────────────────────────────────┼────────────────────────────────────────────────────────────────────────────────────────────────────────────────┼─────────┼────────────────┤
│ clab-ainetops-fabric-client02      │ linux                                                                                                          │ running │ 172.31.0.102   │
│                                    │ localhost:5000/linux-net:202605@sha256:c1df8a372168f5b7d3c2c50265fa99d5eb5b6deacdbb31b327a52376a74c6d7f        │         │ N/A            │
├────────────────────────────────────┼────────────────────────────────────────────────────────────────────────────────────────────────────────────────┼─────────┼────────────────┤
│ clab-ainetops-fabric-leaf01        │ sonic-vs                                                                                                       │ running │ 172.31.0.21    │
│                                    │ localhost:5000/sonic-vs-gnmi:202605-v2@sha256:30c294564ca75a020859c26b8c80494126f16c857907cc31498bbc0fd29c253e │         │ N/A            │
├────────────────────────────────────┼────────────────────────────────────────────────────────────────────────────────────────────────────────────────┼─────────┼────────────────┤
│ clab-ainetops-fabric-leaf02        │ sonic-vs                                                                                                       │ running │ 172.31.0.22    │
│                                    │ localhost:5000/sonic-vs-gnmi:202605-v2@sha256:30c294564ca75a020859c26b8c80494126f16c857907cc31498bbc0fd29c253e │         │ N/A            │
├────────────────────────────────────┼────────────────────────────────────────────────────────────────────────────────────────────────────────────────┼─────────┼────────────────┤
│ clab-ainetops-fabric-spine01       │ sonic-vs                                                                                                       │ running │ 172.31.0.11    │
│                                    │ localhost:5000/sonic-vs-gnmi:202605-v2@sha256:30c294564ca75a020859c26b8c80494126f16c857907cc31498bbc0fd29c253e │         │ N/A            │
├────────────────────────────────────┼────────────────────────────────────────────────────────────────────────────────────────────────────────────────┼─────────┼────────────────┤
│ clab-ainetops-fabric-spine02       │ sonic-vs                                                                                                       │ running │ 172.31.0.12    │
│                                    │ localhost:5000/sonic-vs-gnmi:202605-v2@sha256:30c294564ca75a020859c26b8c80494126f16c857907cc31498bbc0fd29c253e │         │ N/A            │
├────────────────────────────────────┼────────────────────────────────────────────────────────────────────────────────────────────────────────────────┼─────────┼────────────────┤
│ clab-ainetops-fabric-srv6-client01 │ linux                                                                                                          │ running │ 172.31.0.111   │
│                                    │ localhost:5000/linux-srv6:202605@sha256:c1df8a372168f5b7d3c2c50265fa99d5eb5b6deacdbb31b327a52376a74c6d7f       │         │ N/A            │
├────────────────────────────────────┼────────────────────────────────────────────────────────────────────────────────────────────────────────────────┼─────────┼────────────────┤
│ clab-ainetops-fabric-srv6-client02 │ linux                                                                                                          │ running │ 172.31.0.112   │
│                                    │ localhost:5000/linux-srv6:202605@sha256:c1df8a372168f5b7d3c2c50265fa99d5eb5b6deacdbb31b327a52376a74c6d7f       │         │ N/A            │
╰────────────────────────────────────┴────────────────────────────────────────────────────────────────────────────────────────────────────────────────┴─────────┴────────────────╯
00:13:22 INFO Parsing & checking topology file=topology.clab.yml
{
  "ainetops-fabric": [
    {
      "lab_name": "ainetops-fabric",
      "labPath": "lab/topology.clab.yml",
      "absLabPath": "/root/ainetops-demo/lab/topology.clab.yml",
      "name": "clab-ainetops-fabric-client01",
      "container_id": "7e7bb041af15",
      "image": "localhost:5000/linux-net:202605@sha256:c1df8a372168f5b7d3c2c50265fa99d5eb5b6deacdbb31b327a52376a74c6d7f",
      "kind": "linux",
      "state": "running",
      "status": "Up 1 second",
      "ipv4_address": "172.31.0.101/16",
      "ipv6_address": "N/A",
      "owner": "root"
    },
    {
      "lab_name": "ainetops-fabric",
      "labPath": "lab/topology.clab.yml",
      "absLabPath": "/root/ainetops-demo/lab/topology.clab.yml",
      "name": "clab-ainetops-fabric-client02",
      "container_id": "905625fd599f",
      "image": "localhost:5000/linux-net:202605@sha256:c1df8a372168f5b7d3c2c50265fa99d5eb5b6deacdbb31b327a52376a74c6d7f",
      "kind": "linux",
      "state": "running",
      "status": "Up 1 second",
      "ipv4_address": "172.31.0.102/16",
      "ipv6_address": "N/A",
      "owner": "root"
    },
    {
      "lab_name": "ainetops-fabric",
      "labPath": "lab/topology.clab.yml",
      "absLabPath": "/root/ainetops-demo/lab/topology.clab.yml",
      "name": "clab-ainetops-fabric-leaf01",
      "container_id": "ad52694ecb01",
      "image": "localhost:5000/sonic-vs-gnmi:202605-v2@sha256:30c294564ca75a020859c26b8c80494126f16c857907cc31498bbc0fd29c253e",
      "kind": "sonic-vs",
      "state": "running",
      "status": "Up 1 second",
      "ipv4_address": "172.31.0.21/16",
      "ipv6_address": "N/A",
      "owner": "root"
    },
    {
      "lab_name": "ainetops-fabric",
      "labPath": "lab/topology.clab.yml",
      "absLabPath": "/root/ainetops-demo/lab/topology.clab.yml",
      "name": "clab-ainetops-fabric-leaf02",
      "container_id": "84a7ce93ec21",
      "image": "localhost:5000/sonic-vs-gnmi:202605-v2@sha256:30c294564ca75a020859c26b8c80494126f16c857907cc31498bbc0fd29c253e",
      "kind": "sonic-vs",
      "state": "running",
      "status": "Up Less than a second",
      "ipv4_address": "172.31.0.22/16",
      "ipv6_address": "N/A",
      "owner": "root"
    },
    {
      "lab_name": "ainetops-fabric",
      "labPath": "lab/topology.clab.yml",
      "absLabPath": "/root/ainetops-demo/lab/topology.clab.yml",
      "name": "clab-ainetops-fabric-spine01",
      "container_id": "8190f03d85b4",
      "image": "localhost:5000/sonic-vs-gnmi:202605-v2@sha256:30c294564ca75a020859c26b8c80494126f16c857907cc31498bbc0fd29c253e",
      "kind": "sonic-vs",
      "state": "running",
      "status": "Up Less than a second",
      "ipv4_address": "172.31.0.11/16",
      "ipv6_address": "N/A",
      "owner": "root"
    },
    {
      "lab_name": "ainetops-fabric",
      "labPath": "lab/topology.clab.yml",
      "absLabPath": "/root/ainetops-demo/lab/topology.clab.yml",
      "name": "clab-ainetops-fabric-spine02",
      "container_id": "220cda1594c3",
      "image": "localhost:5000/sonic-vs-gnmi:202605-v2@sha256:30c294564ca75a020859c26b8c80494126f16c857907cc31498bbc0fd29c253e",
      "kind": "sonic-vs",
      "state": "running",
      "status": "Up 1 second",
      "ipv4_address": "172.31.0.12/16",
      "ipv6_address": "N/A",
      "owner": "root"
    },
    {
      "lab_name": "ainetops-fabric",
      "labPath": "lab/topology.clab.yml",
      "absLabPath": "/root/ainetops-demo/lab/topology.clab.yml",
      "name": "clab-ainetops-fabric-srv6-client01",
      "container_id": "06e81fa30815",
      "image": "localhost:5000/linux-srv6:202605@sha256:c1df8a372168f5b7d3c2c50265fa99d5eb5b6deacdbb31b327a52376a74c6d7f",
      "kind": "linux",
      "state": "running",
      "status": "Up 1 second",
      "ipv4_address": "172.31.0.111/16",
      "ipv6_address": "N/A",
      "owner": "root"
    },
    {
      "lab_name": "ainetops-fabric",
      "labPath": "lab/topology.clab.yml",
      "absLabPath": "/root/ainetops-demo/lab/topology.clab.yml",
      "name": "clab-ainetops-fabric-srv6-client02",
      "container_id": "b4ae586ce3e1",
      "image": "localhost:5000/linux-srv6:202605@sha256:c1df8a372168f5b7d3c2c50265fa99d5eb5b6deacdbb31b327a52376a74c6d7f",
      "kind": "linux",
      "state": "running",
      "status": "Up 1 second",
      "ipv4_address": "172.31.0.112/16",
      "ipv6_address": "N/A",
      "owner": "root"
    }
  ]
}
namespace/ainetops-system configured
serviceaccount/ainetops-controller unchanged
role.rbac.authorization.k8s.io/ainetops-controller unchanged
rolebinding.rbac.authorization.k8s.io/ainetops-controller unchanged
networkpolicy.networking.k8s.io/deny-all-by-default unchanged
secret/gnmi-lab-ca configured
serviceaccount/ainetops-srv6-controller unchanged
serviceaccount/ainetops-sonic-provider unchanged
serviceaccount/ainetops-sonic-provider unchanged
serviceaccount/ainetops-srv6-controller unchanged
clusterrole.rbac.authorization.k8s.io/ainetops-sonic-provider unchanged
clusterrole.rbac.authorization.k8s.io/ainetops-srv6-controller unchanged
clusterrolebinding.rbac.authorization.k8s.io/ainetops-sonic-provider unchanged
clusterrolebinding.rbac.authorization.k8s.io/ainetops-srv6-controller unchanged
clusterrole.rbac.authorization.k8s.io/ainetops-srv6-controller-crd unchanged
clusterrolebinding.rbac.authorization.k8s.io/ainetops-srv6-controller-crd unchanged
secret/gnmi-lab-creds configured
secret/gnmi-lab-tls configured
Image: "kindest/node@sha256:3abb816a5b1061fb15c6e9e60856ec40d56b7b52bcea5f5f1350bc6e2320b6f8" with ID "sha256:1c9ff0e74d3140a4fe4070fb82b8b60a34aee3a3a04a0a057bb7a37167120fb7" not yet present on node "ainetops-control-plane", loading...
job.batch/ainetops-secret-generator unchanged
job.batch/ainetops-secret-generator condition met
[rbac] secret gnmi-lab-creds key username missing; rerunning generator job
job.batch "ainetops-secret-generator" deleted
job.batch/ainetops-secret-generator created
job.batch/ainetops-secret-generator condition met
[rbac] base namespaces/RBAC/network policies, controller RBAC, and lab Secrets applied
[kubenet-install] WARN: pinned upstream CRD URLs unreachable; applying repo-pinned CRD bundles (deploy/kubenet/crds, deploy/kuid/crds)
customresourcedefinition.apiextensions.k8s.io/networkconfigs.network.kubenet.dev unchanged
customresourcedefinition.apiextensions.k8s.io/networkdevices.network.kubenet.dev unchanged
customresourcedefinition.apiextensions.k8s.io/topologies.network.kubenet.dev unchanged
customresourcedefinition.apiextensions.k8s.io/networks.network.kubenet.dev unchanged
customresourcedefinition.apiextensions.k8s.io/ipindices.id.kuid.dev unchanged
customresourcedefinition.apiextensions.k8s.io/asnindices.id.kuid.dev unchanged
customresourcedefinition.apiextensions.k8s.io/vniindices.id.kuid.dev unchanged
customresourcedefinition.apiextensions.k8s.io/claims.id.kuid.dev unchanged
namespace/kubenet-system unchanged
deployment.apps/kubenet-controller unchanged
serviceaccount/kubenet-controller unchanged
namespace/kuid-system unchanged
deployment.apps/kuid-controller unchanged
serviceaccount/kuid-controller unchanged
customresourcedefinition.apiextensions.k8s.io/networkconfigs.network.kubenet.dev condition met
customresourcedefinition.apiextensions.k8s.io/networks.network.kubenet.dev condition met
customresourcedefinition.apiextensions.k8s.io/networkdevices.network.kubenet.dev condition met
customresourcedefinition.apiextensions.k8s.io/topologies.network.kubenet.dev condition met
customresourcedefinition.apiextensions.k8s.io/ipindices.id.kuid.dev condition met
customresourcedefinition.apiextensions.k8s.io/asnindices.id.kuid.dev condition met
customresourcedefinition.apiextensions.k8s.io/vniindices.id.kuid.dev condition met
customresourcedefinition.apiextensions.k8s.io/claims.id.kuid.dev condition met
[kubenet-install] CRDs applied; controller pods not Ready within window (kubenet=false kuid=false); continuing best-effort
[sdc-install] WARN: pinned upstream CRD URLs unreachable; applying repo-pinned CRD bundle (deploy/sdc/crds)
customresourcedefinition.apiextensions.k8s.io/schemas.sdc.sdcio.dev unchanged
customresourcedefinition.apiextensions.k8s.io/configs.sdc.sdcio.dev unchanged
customresourcedefinition.apiextensions.k8s.io/targets.sdc.sdcio.dev unchanged
customresourcedefinition.apiextensions.k8s.io/discoveryrules.sdc.sdcio.dev unchanged
namespace/sdc-system unchanged
deployment.apps/sdc-schema unchanged
deployment.apps/sdc-config unchanged
deployment.apps/sdc-data unchanged
deployment.apps/sdc-cache unchanged
persistentvolumeclaim/sdc-data unchanged
persistentvolumeclaim/sdc-cache unchanged
customresourcedefinition.apiextensions.k8s.io/schemas.sdc.sdcio.dev condition met
customresourcedefinition.apiextensions.k8s.io/configs.sdc.sdcio.dev condition met
customresourcedefinition.apiextensions.k8s.io/targets.sdc.sdcio.dev condition met
[sdc-install] CRDs applied; 0/4 SDC component pods Ready within window; continuing best-effort
[provision] preloading pinned observability images into Kind
[provision] preloaded ghcr.io/openconfig/gnmic@sha256:fd59f5f1c7a98e14ff5b14f85329e5e0a4d49ef1d5b0dddfd910b6caef03b9fb
[provision] preloaded otel/opentelemetry-collector-contrib@sha256:e07e325e303e86f4a87a617491e921b579a92da6d404007394757ac910bf9587
[provision] preloaded prom/prometheus@sha256:f20d3127bf2876f4a1df76246fca576b41ddf1125ed1c546fbd8b16ea55117e6
[provision] preloaded grafana/grafana@sha256:408afb9726de5122b00a2576763a8a57a3c86d5b0eff5305bc994ceb3eb96c3f
[provision] WARN: pinned image not in local cache: grafana/flow-plugin@sha256:5c9d6b4d6b899be4a3f3c728b3acb0a8f8c3e6a46c9f5b07d705e8ca3c1a2c44
[provision] WARN: pinned image not in local cache: ghcr.io/ainetops/topology-generator@sha256:9a0b2b0d57a4c2b2b5c78a7d34c8a0c1f9a3b7d6e2c4e5f6a7b8c9d0e1f2a3b4
[obs] applying OTel Collector, gNMIc, Prometheus, Grafana
namespace/ainetops-system configured
serviceaccount/otel-collector unchanged
clusterrole.rbac.authorization.k8s.io/otel-collector unchanged
clusterrolebinding.rbac.authorization.k8s.io/otel-collector unchanged
configmap/otel-collector-config unchanged
deployment.apps/otel-collector unchanged
service/otel-collector unchanged
namespace/ainetops-system unchanged
serviceaccount/gnmic unchanged
configmap/gnmic-config unchanged
deployment.apps/gnmic unchanged
namespace/monitoring unchanged
persistentvolumeclaim/prometheus unchanged
configmap/prometheus-config unchanged
configmap/prometheus-rules unchanged
deployment.apps/prometheus unchanged
service/prometheus unchanged
configmap/ainetops-topology unchanged
error: resource mapping not found for name: "ainetops-alerts" namespace: "monitoring" from "/root/ainetops-demo/deploy/observability/rules/ainetops.rules.yaml": no matches for kind "PrometheusRule" in version "monitoring.coreos.com/v1"
ensure CRDs are installed first
serviceaccount/grafana-secret-generator unchanged
role.rbac.authorization.k8s.io/grafana-secret-writer unchanged
rolebinding.rbac.authorization.k8s.io/grafana-secret-writer-binding unchanged
job.batch/grafana-admin-secret-generator unchanged
job.batch/grafana-admin-secret-generator condition met
namespace/monitoring unchanged
persistentvolumeclaim/grafana unchanged
configmap/grafana-provisioning unchanged
configmap/grafana-dashboards unchanged
deployment.apps/grafana unchanged
service/grafana unchanged
deployment "otel-collector" successfully rolled out
deployment "gnmic" successfully rolled out
deployment "prometheus" successfully rolled out
deployment "grafana" successfully rolled out
[provision] building controller binaries (pinned vendored Go source)
sha256:5b2c61c771560e0a6a3b80d6204332319bcc801cdedc2140ca00c3d36ea14d65
sha256:3e84be0e41b2d7ba325d98fc3d59e0052e1738a474bc0140d952b0c022819ebd
[provision] loading images into Kind
Image: "ainetops-sonic-provider:dev" with ID "sha256:5b2c61c771560e0a6a3b80d6204332319bcc801cdedc2140ca00c3d36ea14d65" not yet present on node "ainetops-worker", loading...
Image: "ainetops-sonic-provider:dev" with ID "sha256:5b2c61c771560e0a6a3b80d6204332319bcc801cdedc2140ca00c3d36ea14d65" not yet present on node "ainetops-control-plane", loading...
Image: "ainetops-srv6-controller:dev" with ID "sha256:3e84be0e41b2d7ba325d98fc3d59e0052e1738a474bc0140d952b0c022819ebd" not yet present on node "ainetops-worker", loading...
Image: "ainetops-srv6-controller:dev" with ID "sha256:3e84be0e41b2d7ba325d98fc3d59e0052e1738a474bc0140d952b0c022819ebd" not yet present on node "ainetops-control-plane", loading...
[provision] deploying controllers
deployment.apps/ainetops-sonic-provider configured
service/ainetops-sonic-provider unchanged
deployment.apps/ainetops-srv6-controller configured
service/ainetops-srv6-controller unchanged
deployment.apps/ainetops-sonic-provider image updated
deployment.apps/ainetops-srv6-controller image updated
[provision] waiting for controller pods ready (timeout=120s)
deployment "ainetops-sonic-provider" successfully rolled out
deployment "ainetops-srv6-controller" successfully rolled out
[provision] applying SRv6Service CRD and Kubenet default/tenant networks
customresourcedefinition.apiextensions.k8s.io/srv6services.ainetops.io unchanged
[assert-crds] OK: AINETOPS-owned CRDs = srv6services.ainetops.io and no duplicate/conflicting fabric/device-config CRDs detected
topology.network.kubenet.dev/ainetops-topology unchanged
networkconfig.network.kubenet.dev/ainetops-default unchanged
ipindex.id.kuid.dev/underlay-v6 unchanged
asnindex.id.kuid.dev/fabric-asn unchanged
vniindex.id.kuid.dev/evpn-vni unchanged
claim.id.kuid.dev/underlay-v6-claim unchanged
claim.id.kuid.dev/fabric-asn-claim unchanged
claim.id.kuid.dev/evpn-vni-claim unchanged
ipindex.id.kuid.dev/srv6-locator-v6 unchanged
claim.id.kuid.dev/srv6-locator-claim unchanged
ipindex.id.kuid.dev/srv6-sids-v6 unchanged
claim.id.kuid.dev/srv6-sid-claim unchanged
vniindex.id.kuid.dev/srv6-service-ids unchanged
claim.id.kuid.dev/srv6-service-id-claim unchanged
network.network.kubenet.dev/default-fabric unchanged
network.network.kubenet.dev/tenant-a-l2-bridged unchanged
network.network.kubenet.dev/tenant-a-l3-routed unchanged
network.network.kubenet.dev/tenant-b-irb unchanged
srv6service.ainetops.io/example-srv6 unchanged
error: timed out waiting for the condition on srv6services/example-srv6
schema.sdc.sdcio.dev/sonic-oc unchanged
config.sdc.sdcio.dev/sonic-conn-profile unchanged
config.sdc.sdcio.dev/sonic-sync-profile unchanged
discoveryrule.sdc.sdcio.dev/sonic-management unchanged
[clab] bootstrap: spine01
[bootstrap] starting minimal SONiC bootstrap for gNMI
[install-gnmi-certs] installed certs to /etc/sonic/telemetry
[bootstrap] merged gNMI telemetry settings into /etc/sonic/config_db.json
True
[bootstrap] reloaded CONFIG_DB
[bootstrap] created gNMI linux user 8acf4065
[bootstrap] set gNMI user password
[bootstrap] started sshd for gNMI password auth
telemetry: stopped
telemetry: started
[bootstrap] gNMI port 8080 is listening
[bootstrap] completed
[clab] bootstrap: spine01 done
[clab] bootstrap: spine02
[bootstrap] starting minimal SONiC bootstrap for gNMI
[install-gnmi-certs] installed certs to /etc/sonic/telemetry
[bootstrap] merged gNMI telemetry settings into /etc/sonic/config_db.json
True
[bootstrap] reloaded CONFIG_DB
[bootstrap] created gNMI linux user 8acf4065
[bootstrap] set gNMI user password
[bootstrap] started sshd for gNMI password auth
telemetry: stopped
telemetry: started
[bootstrap] gNMI port 8080 is listening
[bootstrap] completed
[clab] bootstrap: spine02 done
[clab] bootstrap: leaf01
[bootstrap] starting minimal SONiC bootstrap for gNMI
[install-gnmi-certs] installed certs to /etc/sonic/telemetry
[bootstrap] merged gNMI telemetry settings into /etc/sonic/config_db.json
True
[bootstrap] reloaded CONFIG_DB
[bootstrap] created gNMI linux user 8acf4065
[bootstrap] set gNMI user password
[bootstrap] started sshd for gNMI password auth
telemetry: stopped
telemetry: started
[bootstrap] gNMI port 8080 is listening
[bootstrap] completed
[clab] bootstrap: leaf01 done
[clab] bootstrap: leaf02
[bootstrap] starting minimal SONiC bootstrap for gNMI
[install-gnmi-certs] installed certs to /etc/sonic/telemetry
[bootstrap] merged gNMI telemetry settings into /etc/sonic/config_db.json
True
[bootstrap] reloaded CONFIG_DB
[bootstrap] created gNMI linux user 8acf4065
[bootstrap] set gNMI user password
[bootstrap] started sshd for gNMI password auth
telemetry: stopped
telemetry: started
[bootstrap] gNMI port 8080 is listening
[bootstrap] completed
[clab] bootstrap: leaf02 done
[qualify] Running Capabilities
[gnmi-suite] 172.31.0.21:8080: capabilities content asserted (sonic-db, openconfig-system, gNMI version)
[gnmi-suite] 172.31.0.22:8080: capabilities content asserted (sonic-db, openconfig-system, gNMI version)
[qualify] Running Get
[gnmi-suite] 172.31.0.21:8080: Get content asserted (DEVICE_METADATA.localhost present)
[gnmi-suite] 172.31.0.22:8080: Get content asserted (DEVICE_METADATA.localhost present)
[qualify] Running Set
[gnmi-suite] 172.31.0.21:8080: write→read-back→delete witness asserted (action uN, key gate-loc-1788207778)
[gnmi-suite] 172.31.0.22:8080: write→read-back→delete witness asserted (action uN, key gate-loc-1788207778)
[qualify] Running Subscribe
[gnmi-suite] 172.31.0.21:8080: subscribe content asserted (DEVICE_METADATA delivered)
[gnmi-suite] 172.31.0.22:8080: subscribe content asserted (DEVICE_METADATA delivered)
[qualify] Running sonic-srv6
[gnmi-suite] 172.31.0.21:8080: sonic-srv6 locator read-back asserted (prefix fc00:0:71::)
[gnmi-suite] 172.31.0.22:8080: sonic-srv6 locator read-back asserted (prefix fc00:0:71::)
[qualify] Running persistence pre-set (Set)
[qualify] Running Set
[gnmi-suite] 172.31.0.21:8080: write→read-back→delete witness asserted (action uN, key gate-loc-1788207918)
[gnmi-suite] 172.31.0.22:8080: write→read-back→delete witness asserted (action uN, key gate-loc-1788207918)
/root/ainetops-demo/scripts/lib/persistence.sh: line 12: v: command not found
[persist] writing SRv6 witness (persist-loc-1788207976) via GCU on all targets
[persist] pre-restart read-back over gNMI
[persist] restarting SONiC containers
OCI runtime exec failed: exec failed: unable to start container process: exec: "bash": executable file not found in $PATH: unknown
OCI runtime exec failed: exec failed: unable to start container process: exec: "bash": executable file not found in $PATH: unknown
OCI runtime exec failed: exec failed: unable to start container process: exec: "bash": executable file not found in $PATH: unknown
OCI runtime exec failed: exec failed: unable to start container process: exec: "bash": executable file not found in $PATH: unknown
OCI runtime exec failed: exec failed: unable to start container process: exec: "bash": executable file not found in $PATH: unknown
OCI runtime exec failed: exec failed: unable to start container process: exec: "bash": executable file not found in $PATH: unknown
OCI runtime exec failed: exec failed: unable to start container process: exec: "bash": executable file not found in $PATH: unknown
OCI runtime exec failed: exec failed: unable to start container process: exec: "bash": executable file not found in $PATH: unknown
[persist] waiting for gNMI to come back
[persist] post-restart read-back over gNMI
[persist] 172.31.0.21:8080 persistence verified
[persist] 172.31.0.22:8080 persistence verified
[persist] cleaning up witness
[persist] persistence verified
[qualify] Running EVPN-Type2
[evpn-srv6-suite] clab-ainetops-fabric-leaf01: EVPN-Type2 (MAC/IP advertisement AF) asserted (L2VPN EVPN session Established with 172.31.0.22)
[qualify] Running EVPN-Type3
[evpn-srv6-suite] clab-ainetops-fabric-leaf02: EVPN-Type3 (inclusive multicast AF) asserted (L2VPN EVPN session Established with 172.31.0.21)
[qualify] Running EVPN-Type5
[evpn-srv6-suite] clab-ainetops-fabric-leaf01: EVPN-Type5 (IP prefix AF) asserted (L2VPN EVPN session Established with 172.31.0.22)
[qualify] Running SRv6-Underlay
[evpn-srv6-suite] 172.31.0.21:8080: underlay locator asserted (prefix fc00:0:72::)
[evpn-srv6-suite] 172.31.0.22:8080: underlay locator asserted (prefix fc00:0:72::)
[qualify] Running H.Encaps.Red
[evpn-srv6-suite] 172.31.0.21:8080: H.Encaps.Red asserted (seg6 encap.red programmed and read back)
[evpn-srv6-suite] 172.31.0.22:8080: H.Encaps.Red asserted (seg6 encap.red programmed and read back)
[qualify] Running End
[evpn-srv6-suite] 172.31.0.21:8080: End asserted (uN SID present)
[evpn-srv6-suite] 172.31.0.22:8080: End asserted (uN SID present)
[qualify] Running End.DT46
[evpn-srv6-suite] 172.31.0.21:8080: End.DT46 asserted (uDT46 + decap_vrf present)
[evpn-srv6-suite] 172.31.0.22:8080: End.DT46 asserted (uDT46 + decap_vrf present)
[qualify] Running SID-list
[evpn-srv6-suite] 172.31.0.21:8080: SID-list asserted (seg6 encap programmed and read back)
[evpn-srv6-suite] 172.31.0.22:8080: SID-list asserted (seg6 encap programmed and read back)
[qualify] Running Decapsulation
[evpn-srv6-suite] 172.31.0.21:8080: decapsulation asserted (decap_dscp_mode=uniform)
[evpn-srv6-suite] 172.31.0.22:8080: decapsulation asserted (decap_dscp_mode=uniform)
[qualify] Running Counters
[evpn-srv6-suite] 172.31.0.21:8080: counters table asserted (COUNTERS_SRV6_NAME_MAP queryable over gNMI)
[evpn-srv6-suite] 172.31.0.22:8080: counters table asserted (COUNTERS_SRV6_NAME_MAP queryable over gNMI)
[yang-path] checking openconfig-interfaces (sonic-db:/CONFIG_DB/INTERFACE) on 172.31.0.21:8080
[yang-path-suite] 172.31.0.21:8080: openconfig-interfaces absent (NotFound) — accepted for empty-by-design table
[yang-path] checking openconfig-interfaces (sonic-db:/CONFIG_DB/INTERFACE) on 172.31.0.22:8080
[yang-path-suite] 172.31.0.22:8080: openconfig-interfaces absent (NotFound) — accepted for empty-by-design table
[yang-path-suite] openconfig-interfaces asserted on all targets
[yang-path] checking openconfig-network-instance (sonic-db:/CONFIG_DB/VRF) on 172.31.0.21:8080
[yang-path-suite] 172.31.0.21:8080: openconfig-network-instance absent (NotFound) — accepted for empty-by-design table
[yang-path] checking openconfig-network-instance (sonic-db:/CONFIG_DB/VRF) on 172.31.0.22:8080
[yang-path-suite] 172.31.0.22:8080: openconfig-network-instance absent (NotFound) — accepted for empty-by-design table
[yang-path-suite] openconfig-network-instance asserted on all targets
[yang-path] checking openconfig-vlan (sonic-db:/CONFIG_DB/VLAN) on 172.31.0.21:8080
[yang-path-suite] 172.31.0.21:8080: openconfig-vlan absent (NotFound) — accepted for empty-by-design table
[yang-path] checking openconfig-vlan (sonic-db:/CONFIG_DB/VLAN) on 172.31.0.22:8080
[yang-path-suite] 172.31.0.22:8080: openconfig-vlan absent (NotFound) — accepted for empty-by-design table
[yang-path-suite] openconfig-vlan asserted on all targets
[yang-path] checking openconfig-bgp (sonic-db:/CONFIG_DB/BGP_GLOBALS) on 172.31.0.21:8080
[yang-path-suite] 172.31.0.21:8080: openconfig-bgp absent (NotFound) — accepted for empty-by-design table
[yang-path] checking openconfig-bgp (sonic-db:/CONFIG_DB/BGP_GLOBALS) on 172.31.0.22:8080
[yang-path-suite] 172.31.0.22:8080: openconfig-bgp absent (NotFound) — accepted for empty-by-design table
[yang-path-suite] openconfig-bgp asserted on all targets
[yang-path] checking sonic-telemetry (/TELEMETRY) on 172.31.0.21:8080
[yang-path] checking sonic-telemetry (/TELEMETRY) on 172.31.0.22:8080
[yang-path-suite] sonic-telemetry asserted on all targets
[yang-path] checking sonic-vrf (sonic-db:/CONFIG_DB/VRF) on 172.31.0.21:8080
[yang-path-suite] 172.31.0.21:8080: sonic-vrf absent (NotFound) — accepted for empty-by-design table
[yang-path] checking sonic-vrf (sonic-db:/CONFIG_DB/VRF) on 172.31.0.22:8080
[yang-path-suite] 172.31.0.22:8080: sonic-vrf absent (NotFound) — accepted for empty-by-design table
[yang-path-suite] sonic-vrf asserted on all targets
[yang-path] checking sonic-tunnel (sonic-db:/CONFIG_DB/TUNNEL) on 172.31.0.21:8080
[yang-path-suite] 172.31.0.21:8080: sonic-tunnel absent (NotFound) — accepted for empty-by-design table
[yang-path] checking sonic-tunnel (sonic-db:/CONFIG_DB/TUNNEL) on 172.31.0.22:8080
[yang-path-suite] 172.31.0.22:8080: sonic-tunnel absent (NotFound) — accepted for empty-by-design table
[yang-path-suite] sonic-tunnel asserted on all targets
[yang-path] checking sonic-srv6 (sonic-db:/CONFIG_DB/SRV6_MY_LOCATORS) on 172.31.0.21:8080
[yang-path-suite] 172.31.0.21:8080: sonic-srv6 absent (NotFound) — accepted for empty-by-design table
[yang-path] checking sonic-srv6 (sonic-db:/CONFIG_DB/SRV6_MY_LOCATORS) on 172.31.0.22:8080
[yang-path-suite] 172.31.0.22:8080: sonic-srv6 absent (NotFound) — accepted for empty-by-design table
[yang-path-suite] sonic-srv6 asserted on all targets
[qualify] OK
configmap/ainetops-topology unchanged
[provision] complete: pins verified, CRDs validated/asserted, Kind ensured/attached, lab deployed, apps installed, seed applied, capability gate executed.
